Component: Arm Compiler for Embedded 6.23 Tool: armlink [5f102400]

==============================================================================

Section Cross References

    startup_stm32f103xb.o(STACK) refers (Special) to heapauxi.o(.text) for __use_two_region_memory
    startup_stm32f103xb.o(HEAP) refers (Special) to heapauxi.o(.text) for __use_two_region_memory
    startup_stm32f103xb.o(RESET) refers (Special) to heapauxi.o(.text) for __use_two_region_memory
    startup_stm32f103xb.o(RESET) refers to startup_stm32f103xb.o(STACK) for __initial_sp
    startup_stm32f103xb.o(RESET) refers to startup_stm32f103xb.o(.text) for Reset_Handler
    startup_stm32f103xb.o(RESET) refers to stm32f1xx_it.o(.text.NMI_Handler) for NMI_Handler
    startup_stm32f103xb.o(RESET) refers to stm32f1xx_it.o(.text.HardFault_Handler) for HardFault_Handler
    startup_stm32f103xb.o(RESET) refers to stm32f1xx_it.o(.text.MemManage_Handler) for MemManage_Handler
    startup_stm32f103xb.o(RESET) refers to stm32f1xx_it.o(.text.BusFault_Handler) for BusFault_Handler
    startup_stm32f103xb.o(RESET) refers to stm32f1xx_it.o(.text.UsageFault_Handler) for UsageFault_Handler
    startup_stm32f103xb.o(RESET) refers to stm32f1xx_it.o(.text.SVC_Handler) for SVC_Handler
    startup_stm32f103xb.o(RESET) refers to stm32f1xx_it.o(.text.DebugMon_Handler) for DebugMon_Handler
    startup_stm32f103xb.o(RESET) refers to stm32f1xx_it.o(.text.PendSV_Handler) for PendSV_Handler
    startup_stm32f103xb.o(RESET) refers to stm32f1xx_it.o(.text.SysTick_Handler) for SysTick_Handler
    startup_stm32f103xb.o(RESET) refers to stm32f1xx_it.o(.text.USB_LP_CAN1_RX0_IRQHandler) for USB_LP_CAN1_RX0_IRQHandler
    startup_stm32f103xb.o(.text) refers (Special) to heapauxi.o(.text) for __use_two_region_memory
    startup_stm32f103xb.o(.text) refers to system_stm32f1xx.o(.text.SystemInit) for SystemInit
    startup_stm32f103xb.o(.text) refers to __main.o(!!!main) for __main
    startup_stm32f103xb.o(.text) refers to startup_stm32f103xb.o(HEAP) for Heap_Mem
    startup_stm32f103xb.o(.text) refers to startup_stm32f103xb.o(STACK) for Stack_Mem
    main.o(.text) refers (Special) to _printf_percent.o(.ARM.Collect$$_printf_percent$$00000000) for _printf_percent
    main.o(.text) refers (Special) to _printf_f.o(.ARM.Collect$$_printf_percent$$00000003) for _printf_f
    main.o(.text) refers (Special) to printf1.o(x$fpl$printf1) for _printf_fp_dec
    main.o(.text.main) refers (Special) to _printf_percent.o(.ARM.Collect$$_printf_percent$$00000000) for _printf_percent
    main.o(.text.main) refers (Special) to _printf_f.o(.ARM.Collect$$_printf_percent$$00000003) for _printf_f
    main.o(.text.main) refers (Special) to printf1.o(x$fpl$printf1) for _printf_fp_dec
    main.o(.text.main) refers to stm32f1xx_hal.o(.text.HAL_Init) for HAL_Init
    main.o(.text.main) refers to stm32f1xx_hal_rcc.o(.text.HAL_RCC_OscConfig) for HAL_RCC_OscConfig
    main.o(.text.main) refers to stm32f1xx_hal_rcc.o(.text.HAL_RCC_ClockConfig) for HAL_RCC_ClockConfig
    main.o(.text.main) refers to stm32f1xx_hal_rcc_ex.o(.text.HAL_RCCEx_PeriphCLKConfig) for HAL_RCCEx_PeriphCLKConfig
    main.o(.text.main) refers to main.o(.bss..L_MergedGlobals) for .L_MergedGlobals
    main.o(.text.main) refers to stm32f1xx_hal_adc.o(.text.HAL_ADC_Init) for HAL_ADC_Init
    main.o(.text.main) refers to stm32f1xx_hal_adc.o(.text.HAL_ADC_ConfigChannel) for HAL_ADC_ConfigChannel
    main.o(.text.main) refers to usb_device.o(.text.MX_USB_DEVICE_Init) for MX_USB_DEVICE_Init
    main.o(.text.main) refers to main.o(.bss.adc_value) for adc_value
    main.o(.text.main) refers to main.o(.bss.buffer) for buffer
    main.o(.text.main) refers to stm32f1xx_hal_adc.o(.text.HAL_ADC_Start) for HAL_ADC_Start
    main.o(.text.main) refers to stm32f1xx_hal_adc.o(.text.HAL_ADC_PollForConversion) for HAL_ADC_PollForConversion
    main.o(.text.main) refers to stm32f1xx_hal_adc.o(.text.HAL_ADC_GetValue) for HAL_ADC_GetValue
    main.o(.text.main) refers to stm32f1xx_hal_adc.o(.text.HAL_ADC_Stop) for HAL_ADC_Stop
    main.o(.text.main) refers to stm32f1xx_hal.o(.text.HAL_Delay) for HAL_Delay
    main.o(.text.main) refers to fflt_clz.o(x$fpl$ffltu) for __aeabi_ui2f
    main.o(.text.main) refers to fdiv.o(x$fpl$fdiv) for __aeabi_fdiv
    main.o(.text.main) refers to f2d.o(x$fpl$f2d) for __aeabi_f2d
    main.o(.text.main) refers to dmul.o(x$fpl$dmul) for __aeabi_dmul
    main.o(.text.main) refers to d2f.o(x$fpl$d2f) for __aeabi_d2f
    main.o(.text.main) refers to ddiv.o(x$fpl$ddiv) for __aeabi_ddiv
    main.o(.text.main) refers to daddsub_clz.o(x$fpl$dadd) for __aeabi_dadd
    main.o(.text.main) refers to log.o(i.log) for log
    main.o(.text.main) refers to noretval__2sprintf.o(.text) for __2sprintf
    main.o(.text.main) refers to strlen.o(.text) for strlen
    main.o(.text.main) refers to usbd_cdc_if.o(.text.CDC_Transmit_FS) for CDC_Transmit_FS
[...]
    CL$$btod_d2e_denorm_low                  0x0800520e   Section       70  btod.o(CL$$btod_d2e_denorm_low)
    CL$$btod_d2e_norm_op1                    0x08005254   Section       96  btod.o(CL$$btod_d2e_norm_op1)
    CL$$btod_div_common                      0x080052b4   Section      824  btod.o(CL$$btod_div_common)
    CL$$btod_e2e                             0x080055ec   Section      220  btod.o(CL$$btod_e2e)
    CL$$btod_ediv                            0x080056c8   Section       42  btod.o(CL$$btod_ediv)
    CL$$btod_emul                            0x080056f2   Section       42  btod.o(CL$$btod_emul)
    CL$$btod_mult_common                     0x0800571c   Section      580  btod.o(CL$$btod_mult_common)
    i.__ARM_fpclassify                       0x08005960   Section        0  fpclassify.o(i.__ARM_fpclassify)
    i.__kernel_poly                          0x08005988   Section        0  poly.o(i.__kernel_poly)
    i.__mathlib_dbl_divzero                  0x08005a34   Section        0  dunder.o(i.__mathlib_dbl_divzero)
    i.__mathlib_dbl_infnan                   0x08005a44   Section        0  dunder.o(i.__mathlib_dbl_infnan)
    i.__mathlib_dbl_invalid                  0x08005a4a   Section        0  dunder.o(i.__mathlib_dbl_invalid)
    i._is_digit                              0x08005a56   Section        0  __printf_wp.o(i._is_digit)
    i.log                                    0x08005a64   Section        0  log.o(i.log)
    locale$$code                             0x08005dc0   Section       44  lc_numeric_c.o(locale$$code)
    x$fpl$d2f                                0x08005dec   Section       98  d2f.o(x$fpl$d2f)
    x$fpl$dadd                               0x08005e50   Section      336  daddsub_clz.o(x$fpl$dadd)
    _dadd1                                   0x08005e61   Thumb Code     0  daddsub_clz.o(x$fpl$dadd)
    x$fpl$dcheck1                            0x08005fa0   Section       16  dcheck1.o(x$fpl$dcheck1)
    x$fpl$dcmpinf                            0x08005fb0   Section       24  dcmpi.o(x$fpl$dcmpinf)
    x$fpl$ddiv                               0x08005fc8   Section      696  ddiv.o(x$fpl$ddiv)
    ddiv_entry                               0x08005fcf   Thumb Code     0  ddiv.o(x$fpl$ddiv)
    x$fpl$deqf                               0x08006280   Section      120  deqf.o(x$fpl$deqf)
    x$fpl$dflt                               0x080062f8   Section       46  dflt_clz.o(x$fpl$dflt)
    x$fpl$dmul                               0x08006328   Section      340  dmul.o(x$fpl$dmul)
    x$fpl$dnaninf                            0x0800647c   Section      156  dnaninf.o(x$fpl$dnaninf)
    x$fpl$dretinf                            0x08006518   Section       12  dretinf.o(x$fpl$dretinf)
    x$fpl$drsb                               0x08006524   Section       22  daddsub_clz.o(x$fpl$drsb)
    x$fpl$dsub                               0x0800653c   Section      476  daddsub_clz.o(x$fpl$dsub)
    _dsub1                                   0x0800654d   Thumb Code     0  daddsub_clz.o(x$fpl$dsub)
    x$fpl$f2d                                0x08006718   Section       86  f2d.o(x$fpl$f2d)
    _fdiv1                                   0x08006771   Thumb Code     0  fdiv.o(x$fpl$fdiv)
    x$fpl$fdiv                               0x08006770   Section      388  fdiv.o(x$fpl$fdiv)
    x$fpl$ffltu                              0x080068f4   Section       38  fflt_clz.o(x$fpl$ffltu)
    x$fpl$fnaninf                            0x0800691a   Section      140  fnaninf.o(x$fpl$fnaninf)
    x$fpl$fretinf                            0x080069a6   Section       10  fretinf.o(x$fpl$fretinf)
    x$fpl$printf1                            0x080069b0   Section        4  printf1.o(x$fpl$printf1)
    x$fpl$retnan                             0x080069b4   Section      100  retnan.o(x$fpl$retnan)
    x$fpl$scalbn                             0x08006a18   Section       92  scalbn.o(x$fpl$scalbn)
    x$fpl$trapveneer                         0x08006a74   Section       48  trapv.o(x$fpl$trapveneer)
    x$fpl$usenofp                            0x08006aa4   Section        0  usenofp.o(x$fpl$usenofp)
    Lg2                                      0x08006aa8   Data          24  log.o(.constdata)
    .constdata                               0x08006aa8   Section       56  log.o(.constdata)
    Lg                                       0x08006ac0   Data          32  log.o(.constdata)
    .constdata                               0x08006ae0   Section        8  qnan.o(.constdata)
    tenpwrs_x                                0x08006ae8   Data          60  bigflt0.o(.constdata)
    .constdata                               0x08006ae8   Section      148  bigflt0.o(.constdata)
    tenpwrs_i                                0x08006b24   Data          64  bigflt0.o(.constdata)
    HAL_RCC_GetSysClockFreq.aPredivFactorTable 0x08006b94   Data           2  stm32f1xx_hal_rcc.o(.rodata.HAL_RCC_GetSysClockFreq.aPredivFactorTable)
    [Anonymous Symbol]                       0x08006b94   Section        0  stm32f1xx_hal_rcc.o(.rodata.HAL_RCC_GetSysClockFreq.aPredivFactorTable)
    HAL_RCC_GetSysClockFreq.aPLLMULFactorTable 0x08006b96   Data          16  stm32f1xx_hal_rcc.o(.rodata.cst16)
    [Anonymous Symbol]                       0x08006b96   Section        0  stm32f1xx_hal_rcc.o(.rodata.cst16)
    locale$$data                             0x08006bc8   Section       28  lc_numeric_c.o(locale$$data)
    __lcnum_c_name                           0x08006bcc   Data           2  lc_numeric_c.o(locale$$data)
    __lcnum_c_start                          0x08006bd4   Data           0  lc_numeric_c.o(locale$$data)
    __lcnum_c_point                          0x08006be0   Data           0  lc_numeric_c.o(locale$$data)
    __lcnum_c_thousands                      0x08006be2   Data           0  lc_numeric_c.o(locale$$data)
    __lcnum_c_grouping                       0x08006be3   Data           0  lc_numeric_c.o(locale$$data)
    __lcnum_c_end                            0x08006be4   Data           0  lc_numeric_c.o(locale$$data)
    .L_MergedGlobals                         0x20000000   Data           8  stm32f1xx_hal.o(.data..L_MergedGlobals)
    [Anonymous Symbol]                       0x20000000   Section        0  stm32f1xx_hal.o(.data..L_MergedGlobals)
    USBD_CDC_DeviceQualifierDesc             0x200000e8   Data          10  usbd_cdc.o(.data.USBD_CDC_DeviceQualifierDesc)
    [Anonymous Symbol]                       0x200000e8   Section        0  usbd_cdc.o(.data.USBD_CDC_DeviceQualifierDesc)
    .bss                                     0x20000180   Section       96  libspace.o(.bss)
    .L_MergedGlobals                         0x200001e0   Data          64  main.o(.bss..L_MergedGlobals)
    [Anonymous Symbol]                       0x200001e0   Section        0  main.o(.bss..L_MergedGlobals)
    USBD_SetConfig.cfgidx                    0x20000220   Data           1  usbd_ctlreq.o(.bss.USBD_SetConfig.cfgidx)
    [Anonymous Symbol]                       0x20000220   Section        0  usbd_ctlreq.o(.bss.USBD_SetConfig.cfgidx)
    USBD_static_malloc.mem                   0x20000424   Data         544  usbd_conf.o(.bss.USBD_static_malloc.mem)
    [Anonymous Symbol]                       0x20000424   Section        0  usbd_conf.o(.bss.USBD_static_malloc.mem)
    Heap_Mem                                 0x20001478   Data         512  startup_stm32f103xb.o(HEAP)
    HEAP                                     0x20001478   Section      512  startup_stm32f103xb.o(HEAP)
    Stack_Mem                                0x20001678   Data        1024  startup_stm32f103xb.o(STACK)
    STACK                                    0x20001678   Section     1024  startup_stm32f103xb.o(STACK)
    __initial_sp                             0x20001a78   Data           0  startup_stm32f103xb.o(STACK)

    Global Symbols

    Symbol Name                              Value     Ov Type        Size  Object(Section)

    BuildAttributes$$THM_ISAv4$P$D$K$B$S$PE$A:L22UL41UL21$X:L11$S22US41US21$IEEE1$IW$~IW$USESV6$~STKCKD$USESV7$~SHL$OTIME$ROPI$IEEEX$EBA8$UX$STANDARDLIB$REQ8$PRES8$EABIv2 0x00000000   Number         0  anon$$obj.o ABSOLUTE
    __fp_init_empty                          0x00000000   Number         0  fpinit_empty.o ABSOLUTE
    _printf_flags                            0x00000000   Number         0  printf_stubs.o ABSOLUTE
    _printf_return_value                     0x00000000   Number         0  printf_stubs.o ABSOLUTE
    _printf_sizespec                         0x00000000   Number         0  printf_stubs.o ABSOLUTE
    _printf_widthprec                        0x00000000   Number         0  printf_stubs.o ABSOLUTE
    __ARM_exceptions_init                     - Undefined Weak Reference
    __alloca_initialize                       - Undefined Weak Reference
    __arm_preinit_                            - Undefined Weak Reference
    __arm_relocate_pie_                       - Undefined Weak Reference
    __cpp_initialize__aeabi_                  - Undefined Weak Reference
    __cxa_finalize                            - Undefined Weak Reference
    __sigvec_lookup                           - Undefined Weak Reference
    _atexit_init                              - Undefined Weak Reference
    _call_atexit_fns                          - Undefined Weak Reference
    _clock_init                               - Undefined Weak Reference
    _fp_trap_init                             - Undefined Weak Reference
    _fp_trap_shutdown                         - Undefined Weak Reference
    _get_lc_collate                           - Undefined Weak Reference
    _get_lc_ctype                             - Undefined Weak Reference
    _get_lc_monetary                          - Undefined Weak Reference
    _get_lc_time                              - Undefined Weak Reference
    _getenv_init                              - Undefined Weak Reference
    _handle_redirection                       - Undefined Weak Reference
    _init_alloc                               - Undefined Weak Reference
    _init_user_alloc                          - Undefined Weak Reference
    _initio                                   - Undefined Weak Reference
    _printf_post_padding                      - Undefined Weak Reference
    _printf_pre_padding                       - Undefined Weak Reference
    _rand_init                                - Undefined Weak Reference
    _signal_finish                            - Undefined Weak Reference
    _signal_init                              - Undefined Weak Reference
    _terminate_alloc                          - Undefined Weak Reference
    _terminate_user_alloc                     - Undefined Weak Reference
    _terminateio                              - Undefined Weak Reference
    __Vectors_Size                           0x000000ec   Number         0  startup_stm32f103xb.o ABSOLUTE
    __Vectors                                0x08000000   Data           4  startup_stm32f103xb.o(RESET)
    __Vectors_End                            0x080000ec   Data           0  startup_stm32f103xb.o(RESET)
    __main                                   0x080000ed   Thumb Code     8  __main.o(!!!main)
    __scatterload                            0x080000f5   Thumb Code     0  __scatter.o(!!!scatter)
    __scatterload_rt2                        0x080000f5   Thumb Code    84  __scatter.o(!!!scatter)
    __scatterload_rt2_thumb_only             0x080000f5   Thumb Code     0  __scatter.o(!!!scatter)
    __scatterload_loop                       0x080000ff   Thumb Code     0  __scatter.o(!!!scatter)
    __decompress                             0x08000151   Thumb Code    90  __dczerorl2.o(!!dczerorl2)
    __decompress1                            0x08000151   Thumb Code     0  __dczerorl2.o(!!dczerorl2)
    __scatterload_null                       0x080001ad   Thumb Code     2  __scatter.o(!!handler_null)
    __scatterload_zeroinit                   0x080001b1   Thumb Code    28  __scatter_zi.o(!!handler_zi)
    _printf_f                                0x080001cd   Thumb Code     0  _printf_f.o(.ARM.Collect$$_printf_percent$$00000003)
    _printf_percent                          0x080001cd   Thumb Code     0  _printf_percent.o(.ARM.Collect$$_printf_percent$$00000000)
    _printf_percent_end                      0x080001d3   Thumb Code     0  _printf_percent_end.o(.ARM.Collect$$_printf_percent$$00000017)
    __rt_lib_init                            0x080001d7   Thumb Code     0  libinit.o(.ARM.Collect$$libinit$$00000000)
    __rt_lib_init_fp_1                       0x080001d9   Thumb Code     0  libinit2.o(.ARM.Collect$$libinit$$00000002)
    __rt_lib_init_heap_1                     0x080001d9   Thumb Code     0  libinit2.o(.ARM.Collect$$libinit$$0000000C)
    __rt_lib_init_lc_common                  0x080001d9   Thumb Code     0  libinit2.o(.ARM.Collect$$libinit$$00000011)
    __rt_lib_init_preinit_1                  0x080001d9   Thumb Code     0  libinit2.o(.ARM.Collect$$libinit$$00000006)
    __rt_lib_init_rand_1                     0x080001d9   Thumb Code     0  libinit2.o(.ARM.Collect$$libinit$$00000010)
    __rt_lib_init_relocate_pie_1             0x080001d9   Thumb Code     0  libinit2.o(.ARM.Collect$$libinit$$00000004)
    __rt_lib_init_user_alloc_1               0x080001d9   Thumb Code     0  libinit2.o(.ARM.Collect$$libinit$$0000000E)
    __rt_lib_init_lc_collate_1               0x080001df   Thumb Code     0  libinit2.o(.ARM.Collect$$libinit$$00000013)
    __rt_lib_init_lc_ctype_1                 0x080001df   Thumb Code     0  libinit2.o(.ARM.Collect$$libinit$$00000015)
    __rt_lib_init_lc_monetary_1              0x080001df   Thumb Code     0  libinit2.o(.ARM.Collect$$libinit$$00000017)
    __rt_lib_init_lc_numeric_2               0x080001df   Thumb Code     0  libinit2.o(.ARM.Collect$$libinit$$00000018)
    __rt_lib_init_alloca_1                   0x080001e9   Thumb Code     0  libinit2.o(.ARM.Collect$$libinit$$00000030)
    __rt_lib_init_argv_1                     0x080001e9   Thumb Code     0  libinit2.o(.ARM.Collect$$libinit$$0000002E)
    __rt_lib_init_atexit_1                   0x080001e9   Thumb Code     0  libinit2.o(.ARM.Collect$$libinit$$0000001D)
    __rt_lib_init_clock_1                    0x080001e9   Thumb Code     0  libinit2.o(.ARM.Collect$$libinit$$00000023)
    __rt_lib_init_cpp_1                      0x080001e9   Thumb Code     0  libinit2.o(.ARM.Collect$$libinit$$00000034)
    __rt_lib_init_exceptions_1               0x080001e9   Thumb Code     0  libinit2.o(.ARM.Collect$$libinit$$00000032)
    __rt_lib_init_fp_trap_1                  0x080001e9   Thumb Code     0  libinit2.o(.ARM.Collect$$libinit$$00000021)
    __rt_lib_init_getenv_1                   0x080001e9   Thumb Code     0  libinit2.o(.ARM.Collect$$libinit$$00000025)
    __rt_lib_init_lc_numeric_1               0x080001e9   Thumb Code     0  libinit2.o(.ARM.Collect$$libinit$$00000019)
    __rt_lib_init_lc_time_1                  0x080001e9   Thumb Code     0  libinit2.o(.ARM.Collect$$libinit$$0000001B)
    __rt_lib_init_return                     0x080001e9   Thumb Code     0  libinit2.o(.ARM.Collect$$libinit$$00000035)
    __rt_lib_init_signal_1                   0x080001e9   Thumb Code     0  libinit2.o(.ARM.Collect$$libinit$$0000001F)
    __rt_lib_init_stdio_1                    0x080001e9   Thumb Code     0  libinit2.o(.ARM.Collect$$libinit$$00000027)
    __rt_lib_shutdown                        0x080001eb   Thumb Code     0  libshutdown.o(.ARM.Collect$$libshutdown$$00000000)
    __rt_lib_shutdown_cpp_1                  0x080001ed   Thumb Code     0  libshutdown2.o(.ARM.Collect$$libshutdown$$00000002)
    __rt_lib_shutdown_fp_trap_1              0x080001ed   Thumb Code     0  libshutdown2.o(.ARM.Collect$$libshutdown$$00000007)
    __rt_lib_shutdown_heap_1                 0x080001ed   Thumb Code     0  libshutdown2.o(.ARM.Collect$$libshutdown$$0000000F)
    __rt_lib_shutdown_return                 0x080001ed   Thumb Code     0  libshutdown2.o(.ARM.Collect$$libshutdown$$00000010)
    __rt_lib_shutdown_signal_1               0x080001ed   Thumb Code     0  libshutdown2.o(.ARM.Collect$$libshutdown$$0000000A)
    __rt_lib_shutdown_stdio_1                0x080001ed   Thumb Code     0  libshutdown2.o(.ARM.Collect$$libshutdown$$00000004)
    __rt_lib_shutdown_user_alloc_1           0x080001ed   Thumb Code     0  libshutdown2.o(.ARM.Collect$$libshutdown$$0000000C)
    __rt_entry                               0x080001ef   Thumb Code     0  __rtentry.o(.ARM.Collect$$rtentry$$00000000)
    __rt_entry_presh_1                       0x080001ef   Thumb Code     0  __rtentry2.o(.ARM.Collect$$rtentry$$00000002)
    __rt_entry_sh                            0x080001ef   Thumb Code     0  __rtentry4.o(.ARM.Collect$$rtentry$$00000004)
    __rt_entry_li                            0x080001f5   Thumb Code     0  __rtentry2.o(.ARM.Collect$$rtentry$$0000000A)
    __rt_entry_postsh_1                      0x080001f5   Thumb Code     0  __rtentry2.o(.ARM.Collect$$rtentry$$00000009)
    __rt_entry_main                          0x080001f9   Thumb Code     0  __rtentry2.o(.ARM.Collect$$rtentry$$0000000D)
    __rt_entry_postli_1                      0x080001f9   Thumb Code     0  __rtentry2.o(.ARM.Collect$$rtentry$$0000000C)
    __rt_exit                                0x08000201   Thumb Code     0  rtexit.o(.ARM.Collect$$rtexit$$00000000)
    __rt_exit_ls                             0x08000203   Thumb Code     0  rtexit2.o(.ARM.Collect$$rtexit$$00000003)
    __rt_exit_prels_1                        0x08000203   Thumb Code     0  rtexit2.o(.ARM.Collect$$rtexit$$00000002)
    __rt_exit_exit                           0x08000207   Thumb Code     0  rtexit2.o(.ARM.Collect$$rtexit$$00000004)
    Reset_Handler                            0x0800020d   Thumb Code     8  startup_stm32f103xb.o(.text)
    ADC1_2_IRQHandler                        0x08000227   Thumb Code     0  startup_stm32f103xb.o(.text)
    CAN1_RX1_IRQHandler                      0x08000227   Thumb Code     0  startup_stm32f103xb.o(.text)
    CAN1_SCE_IRQHandler                      0x08000227   Thumb Code     0  startup_stm32f103xb.o(.text)
    DMA1_Channel1_IRQHandler                 0x08000227   Thumb Code     0  startup_stm32f103xb.o(.text)
    DMA1_Channel2_IRQHandler                 0x08000227   Thumb Code     0  startup_stm32f103xb.o(.text)
    DMA1_Channel3_IRQHandler                 0x08000227   Thumb Code     0  startup_stm32f103xb.o(.text)
    DMA1_Channel4_IRQHandler                 0x08000227   Thumb Code     0  startup_stm32f103xb.o(.text)
    DMA1_Channel5_IRQHandler                 0x08000227   Thumb Code     0  startup_stm32f103xb.o(.text)
    DMA1_Channel6_IRQHandler                 0x08000227   Thumb Code     0  startup_stm32f103xb.o(.text)
    DMA1_Channel7_IRQHandler                 0x08000227   Thumb Code     0  startup_stm32f103xb.o(.text)
    EXTI0_IRQHandler                         0x08000227   Thumb Code     0  startup_stm32f103xb.o(.text)
    EXTI15_10_IRQHandler                     0x08000227   Thumb Code     0  startup_stm32f103xb.o(.text)
    EXTI1_IRQHandler                         0x08000227   Thumb Code     0  startup_stm32f103xb.o(.text)
    EXTI2_IRQHandler                         0x08000227   Thumb Code     0  startup_stm32f103xb.o(.text)
    EXTI3_IRQHandler                         0x08000227   Thumb Code     0  startup_stm32f103xb.o(.text)
    EXTI4_IRQHandler                         0x08000227   Thumb Code     0  startup_stm32f103xb.o(.text)
    EXTI9_5_IRQHandler                       0x08000227   Thumb Code     0  startup_stm32f103xb.o(.text)
    FLASH_IRQHandler                         0x08000227   Thumb Code     0  startup_stm32f103xb.o(.text)
    I2C1_ER_IRQHandler                       0x08000227   Thumb Code     0  startup_stm32f103xb.o(.text)
    I2C1_EV_IRQHandler                       0x08000227   Thumb Code     0  startup_stm32f103xb.o(.text)
    I2C2_ER_IRQHandler                       0x08000227   Thumb Code     0  startup_stm32f103xb.o(.text)
    I2C2_EV_IRQHandler                       0x08000227   Thumb Code     0  startup_stm32f103xb.o(.text)
    PVD_IRQHandler                           0x08000227   Thumb Code     0  startup_stm32f103xb.o(.text)
    RCC_IRQHandler                           0x08000227   Thumb Code     0  startup_stm32f103xb.o(.text)
    RTC_Alarm_IRQHandler                     0x08000227   Thumb Code     0  startup_stm32f103xb.o(.text)
    RTC_IRQHandler                           0x08000227   Thumb Code     0  startup_stm32f103xb.o(.text)
    SPI1_IRQHandler                          0x08000227   Thumb Code     0  startup_stm32f103xb.o(.text)
    SPI2_IRQHandler                          0x08000227   Thumb Code     0  startup_stm32f103xb.o(.text)
    TAMPER_IRQHandler                        0x08000227   Thumb Code     0  startup_stm32f103xb.o(.text)
    TIM1_BRK_IRQHandler                      0x08000227   Thumb Code     0  startup_stm32f103xb.o(.text)
    TIM1_CC_IRQHandler                       0x08000227   Thumb Code     0  startup_stm32f103xb.o(.text)
    TIM1_TRG_COM_IRQHandler                  0x08000227   Thumb Code     0  startup_stm32f103xb.o(.text)
    TIM1_UP_IRQHandler                       0x08000227   Thumb Code     0  startup_stm32f103xb.o(.text)
    TIM2_IRQHandler                          0x08000227   Thumb Code     0  startup_stm32f103xb.o(.text)
    TIM3_IRQHandler                          0x08000227   Thumb Code     0  startup_stm32f103xb.o(.text)
    TIM4_IRQHandler                          0x08000227   Thumb Code     0  startup_stm32f103xb.o(.text)
    USART1_IRQHandler                        0x08000227   Thumb Code     0  startup_stm32f103xb.o(.text)
    USART2_IRQHandler                        0x08000227   Thumb Code     0  startup_stm32f103xb.o(.text)
    USART3_IRQHandler                        0x08000227   Thumb Code     0  startup_stm32f103xb.o(.text)
    USBWakeUp_IRQHandler                     0x08000227   Thumb Code     0  startup_stm32f103xb.o(.text)
    USB_HP_CAN1_TX_IRQHandler                0x08000227   Thumb Code     0  startup_stm32f103xb.o(.text)
    WWDG_IRQHandler                          0x08000227   Thumb Code     0  startup_stm32f103xb.o(.text)
    __user_initial_stackheap                 0x08000229   Thumb Code     0  startup_stm32f103xb.o(.text)
    __2sprintf                               0x0800024d   Thumb Code    34  noretval__2sprintf.o(.text)
    __printf                                 0x08000275   Thumb Code   270  __printf_wp.o(.text)
    strlen                                   0x08000383   Thumb Code    62  strlen.o(.text)
    __use_two_region_memory                  0x080003c1   Thumb Code     2  heapauxi.o(.text)
    __rt_heap_escrow$2region                 0x080003c3   Thumb Code     2  heapauxi.o(.text)
    __rt_heap_expand$2region                 0x080003c5   Thumb Code     2  heapauxi.o(.text)
    __read_errno                             0x080003c7   Thumb Code    10  _rserrno.o(.text)
    __set_errno                              0x080003d1   Thumb Code    12  _rserrno.o(.text)
    _printf_fp_dec_real                      0x0800058d   Thumb Code   620  _printf_fp_dec.o(.text)
    _printf_char_common                      0x08000803   Thumb Code    32  _printf_char_common.o(.text)
    _sputc                                   0x08000829   Thumb Code    10  _sputc.o(.text)
    __rt_locale                              0x08000835   Thumb Code     8  rt_locale_intlibspace.o(.text)
    __aeabi_errno_addr                       0x0800083d   Thumb Code     8  rt_errno_addr_intlibspace.o(.text)
    __errno$intlibspace                      0x0800083d   Thumb Code     0  rt_errno_addr_intlibspace.o(.text)
    __rt_errno_addr$intlibspace              0x0800083d   Thumb Code     0  rt_errno_addr_intlibspace.o(.text)
    _ll_udiv10                               0x08000845   Thumb Code   138  lludiv10.o(.text)
    _printf_fp_infnan                        0x080008d1   Thumb Code   112  _printf_fp_infnan.o(.text)
    _btod_etento                             0x08000951   Thumb Code   224  bigflt0.o(.text)
    __user_libspace                          0x08000a35   Thumb Code     8  libspace.o(.text)
    __user_perproc_libspace                  0x08000a35   Thumb Code     0  libspace.o(.text)
    __user_perthread_libspace                0x08000a35   Thumb Code     0  libspace.o(.text)
    __user_setup_stackheap                   0x08000a3d   Thumb Code    74  sys_stackheap_outer.o(.text)
    exit                                     0x08000a87   Thumb Code    18  exit.o(.text)
    strcmp                                   0x08000a99   Thumb Code   128  strcmpv7m.o(.text)
    _sys_exit                                0x08000b19   Thumb Code     8  sys_exit.o(.text)
    __I$use$semihosting                      0x08000b25   Thumb Code     0  use_no_semi.o(.text)
    __use_no_semihosting_swi                 0x08000b25   Thumb Code     2  use_no_semi.o(.text)
    __semihosting_library_function           0x08000b27   Thumb Code     0  indicate_semi.o(.text)
    ADC_Enable                               0x08000b29   Thumb Code   174  stm32f1xx_hal_adc.o(.text.ADC_Enable)
    BusFault_Handler                         0x08000bd9   Thumb Code     2  stm32f1xx_it.o(.text.BusFault_Handler)
    CDC_Transmit_FS                          0x08000c2d   Thumb Code    54  usbd_cdc_if.o(.text.CDC_Transmit_FS)
    DebugMon_Handler                         0x08000c65   Thumb Code     2  stm32f1xx_it.o(.text.DebugMon_Handler)
    Error_Handler                            0x08000c69   Thumb Code    10  main.o(.text.Error_Handler)
    HAL_ADC_ConfigChannel                    0x08000c75   Thumb Code   318  stm32f1xx_hal_adc.o(.text.HAL_ADC_ConfigChannel)
    HAL_ADC_GetValue                         0x08000db5   Thumb Code     6  stm32f1xx_hal_adc.o(.text.HAL_ADC_GetValue)
    HAL_ADC_Init                             0x08000dbd   Thumb Code   344  stm32f1xx_hal_adc.o(.text.HAL_ADC_Init)
    HAL_ADC_MspInit                          0x08000f15   Thumb Code   102  stm32f1xx_hal_msp.o(.text.HAL_ADC_MspInit)
    HAL_ADC_PollForConversion                0x08000f7d   Thumb Code   622  stm32f1xx_hal_adc.o(.text.HAL_ADC_PollForConversion)
    HAL_ADC_Start                            0x080011ed   Thumb Code   206  stm32f1xx_hal_adc.o(.text.HAL_ADC_Start)
    HAL_ADC_Stop                             0x080012bd   Thumb Code   126  stm32f1xx_hal_adc.o(.text.HAL_ADC_Stop)
    HAL_Delay                                0x0800133d   Thumb Code    40  stm32f1xx_hal.o(.text.HAL_Delay)
    HAL_GPIO_Init                            0x08001365   Thumb Code   526  stm32f1xx_hal_gpio.o(.text.HAL_GPIO_Init)
    HAL_GetTick                              0x08001575   Thumb Code    12  stm32f1xx_hal.o(.text.HAL_GetTick)
    HAL_IncTick                              0x08001581   Thumb Code    26  stm32f1xx_hal.o(.text.HAL_IncTick)
    HAL_Init                                 0x0800159d   Thumb Code    38  stm32f1xx_hal.o(.text.HAL_Init)
    HAL_InitTick                             0x080015c5   Thumb Code    72  stm32f1xx_hal.o(.text.HAL_InitTick)
    HAL_MspInit                              0x0800160d   Thumb Code    66  stm32f1xx_hal_msp.o(.text.HAL_MspInit)
    HAL_NVIC_EnableIRQ                       0x08001651   Thumb Code    34  stm32f1xx_hal_cortex.o(.text.HAL_NVIC_EnableIRQ)
    HAL_NVIC_SetPriority                     0x08001675   Thumb Code    86  stm32f1xx_hal_cortex.o(.text.HAL_NVIC_SetPriority)
    HAL_NVIC_SetPriorityGrouping             0x080016cd   Thumb Code    32  stm32f1xx_hal_cortex.o(.text.HAL_NVIC_SetPriorityGrouping)
    HAL_PCDEx_PMAConfig                      0x080016ed   Thumb Code    76  stm32f1xx_hal_pcd_ex.o(.text.HAL_PCDEx_PMAConfig)
    HAL_PCDEx_SetConnectionState             0x08001739   Thumb Code     2  usbd_conf.o(.text.HAL_PCDEx_SetConnectionState)
    HAL_PCD_DataInStageCallback              0x0800173d   Thumb Code    20  usbd_conf.o(.text.HAL_PCD_DataInStageCallback)
    HAL_PCD_DataOutStageCallback             0x08001751   Thumb Code    22  usbd_conf.o(.text.HAL_PCD_DataOutStageCallback)
    HAL_PCD_EP_Close                         0x08001769   Thumb Code    80  stm32f1xx_hal_pcd.o(.text.HAL_PCD_EP_Close)
    HAL_PCD_EP_ClrStall                      0x080017b9   Thumb Code    96  stm32f1xx_hal_pcd.o(.text.HAL_PCD_EP_ClrStall)
    HAL_PCD_EP_GetRxCount                    0x08001819   Thumb Code    18  stm32f1xx_hal_pcd.o(.text.HAL_PCD_EP_GetRxCount)
    HAL_PCD_EP_Open                          0x0800182d   Thumb Code    92  stm32f1xx_hal_pcd.o(.text.HAL_PCD_EP_Open)
    HAL_PCD_EP_Receive                       0x08001889   Thumb Code    50  stm32f1xx_hal_pcd.o(.text.HAL_PCD_EP_Receive)
    HAL_PCD_EP_SetStall                      0x080018bd   Thumb Code   108  stm32f1xx_hal_pcd.o(.text.HAL_PCD_EP_SetStall)
    HAL_PCD_EP_Transmit                      0x08001929   Thumb Code    54  stm32f1xx_hal_pcd.o(.text.HAL_PCD_EP_Transmit)
    HAL_PCD_IRQHandler                       0x08001961   Thumb Code  2362  stm32f1xx_hal_pcd.o(.text.HAL_PCD_IRQHandler)
    HAL_PCD_Init                             0x0800229d   Thumb Code   582  stm32f1xx_hal_pcd.o(.text.HAL_PCD_Init)
    HAL_PCD_MspInit                          0x080024e5   Thumb Code    68  usbd_conf.o(.text.HAL_PCD_MspInit)
    HAL_PCD_ResetCallback                    0x08002529   Thumb Code    36  usbd_conf.o(.text.HAL_PCD_ResetCallback)
    HAL_PCD_ResumeCallback                   0x0800254d   Thumb Code     8  usbd_conf.o(.text.HAL_PCD_ResumeCallback)
    HAL_PCD_SOFCallback                      0x08002555   Thumb Code     8  usbd_conf.o(.text.HAL_PCD_SOFCallback)
    HAL_PCD_SetAddress                       0x0800255d   Thumb Code    40  stm32f1xx_hal_pcd.o(.text.HAL_PCD_SetAddress)
    HAL_PCD_SetupStageCallback               0x08002585   Thumb Code    14  usbd_conf.o(.text.HAL_PCD_SetupStageCallback)
    HAL_PCD_Start                            0x08002595   Thumb Code    52  stm32f1xx_hal_pcd.o(.text.HAL_PCD_Start)
    HAL_PCD_SuspendCallback                  0x080025c9   Thumb Code    38  usbd_conf.o(.text.HAL_PCD_SuspendCallback)
    HAL_RCCEx_GetPeriphCLKFreq               0x080025f1   Thumb Code   228  stm32f1xx_hal_rcc_ex.o(.text.HAL_RCCEx_GetPeriphCLKFreq)
    HAL_RCCEx_PeriphCLKConfig                0x080026e9   Thumb Code   258  stm32f1xx_hal_rcc_ex.o(.text.HAL_RCCEx_PeriphCLKConfig)
    HAL_RCC_ClockConfig                      0x080027ed   Thumb Code   442  stm32f1xx_hal_rcc.o(.text.HAL_RCC_ClockConfig)
    HAL_RCC_GetPCLK2Freq                     0x080029a9   Thumb Code    38  stm32f1xx_hal_rcc.o(.text.HAL_RCC_GetPCLK2Freq)
    HAL_RCC_OscConfig                        0x080029d1   Thumb Code  1024  stm32f1xx_hal_rcc.o(.text.HAL_RCC_OscConfig)
    HAL_SYSTICK_Config                       0x08002dd1   Thumb Code    44  stm32f1xx_hal_cortex.o(.text.HAL_SYSTICK_Config)
    HardFault_Handler                        0x08002dfd   Thumb Code     2  stm32f1xx_it.o(.text.HardFault_Handler)
    MX_USB_DEVICE_Init                       0x08002e01   Thumb Code   114  usb_device.o(.text.MX_USB_DEVICE_Init)
    MemManage_Handler                        0x08002e75   Thumb Code     2  stm32f1xx_it.o(.text.MemManage_Handler)
    NMI_Handler                              0x08002e79   Thumb Code     2  stm32f1xx_it.o(.text.NMI_Handler)
    PendSV_Handler                           0x08002e7d   Thumb Code     2  stm32f1xx_it.o(.text.PendSV_Handler)
    SVC_Handler                              0x08002e81   Thumb Code     2  stm32f1xx_it.o(.text.SVC_Handler)
    SysTick_Handler                          0x08002e85   Thumb Code     4  stm32f1xx_it.o(.text.SysTick_Handler)
    SystemInit                               0x08002e89   Thumb Code     2  system_stm32f1xx.o(.text.SystemInit)
    USBD_CDC_GetDeviceQualifierDescriptor    0x08002f7d   Thumb Code    16  usbd_cdc.o(.text.USBD_CDC_GetDeviceQualifierDescriptor)
    USBD_CDC_ReceivePacket                   0x08003041   Thumb Code    44  usbd_cdc.o(.text.USBD_CDC_ReceivePacket)
    USBD_CDC_RegisterInterface               0x0800306d   Thumb Code    14  usbd_cdc.o(.text.USBD_CDC_RegisterInterface)
    USBD_CDC_SetRxBuffer                     0x0800307d   Thumb Code    12  usbd_cdc.o(.text.USBD_CDC_SetRxBuffer)
    USBD_CDC_SetTxBuffer                     0x08003089   Thumb Code    16  usbd_cdc.o(.text.USBD_CDC_SetTxBuffer)
    USBD_CDC_TransmitPacket                  0x08003161   Thumb Code    62  usbd_cdc.o(.text.USBD_CDC_TransmitPacket)
    USBD_ClrClassConfig                      0x080031a1   Thumb Code    14  usbd_core.o(.text.USBD_ClrClassConfig)
    USBD_CtlContinueRx                       0x080031b1   Thumb Code    16  usbd_ioreq.o(.text.USBD_CtlContinueRx)
    USBD_CtlContinueSendData                 0x080031c1   Thumb Code    16  usbd_ioreq.o(.text.USBD_CtlContinueSendData)
    USBD_CtlError                            0x080031d1   Thumb Code    22  usbd_ctlreq.o(.text.USBD_CtlError)
    USBD_CtlPrepareRx                        0x080031e9   Thumb Code    26  usbd_ioreq.o(.text.USBD_CtlPrepareRx)
    USBD_CtlReceiveStatus                    0x08003205   Thumb Code    22  usbd_ioreq.o(.text.USBD_CtlReceiveStatus)
    USBD_CtlSendData                         0x0800321d   Thumb Code    26  usbd_ioreq.o(.text.USBD_CtlSendData)
    USBD_CtlSendStatus                       0x08003239   Thumb Code    22  usbd_ioreq.o(.text.USBD_CtlSendStatus)
    USBD_FS_ConfigStrDescriptor              0x08003251   Thumb Code    24  usbd_desc.o(.text.USBD_FS_ConfigStrDescriptor)
    USBD_FS_DeviceDescriptor                 0x08003275   Thumb Code    14  usbd_desc.o(.text.USBD_FS_DeviceDescriptor)
    USBD_FS_InterfaceStrDescriptor           0x08003285   Thumb Code    24  usbd_desc.o(.text.USBD_FS_InterfaceStrDescriptor)
    USBD_FS_LangIDStrDescriptor              0x080032ad   Thumb Code    14  usbd_desc.o(.text.USBD_FS_LangIDStrDescriptor)
    USBD_FS_ManufacturerStrDescriptor        0x080032bd   Thumb Code    24  usbd_desc.o(.text.USBD_FS_ManufacturerStrDescriptor)
    USBD_FS_ProductStrDescriptor             0x080032e9   Thumb Code    24  usbd_desc.o(.text.USBD_FS_ProductStrDescriptor)
    USBD_FS_SerialStrDescriptor              0x08003319   Thumb Code   368  usbd_desc.o(.text.USBD_FS_SerialStrDescriptor)
    USBD_GetString                           0x08003489   Thumb Code   210  usbd_ctlreq.o(.text.USBD_GetString)
    USBD_Init                                0x0800355d   Thumb Code    48  usbd_core.o(.text.USBD_Init)
    USBD_LL_ClearStallEP                     0x0800358d   Thumb Code    34  usbd_conf.o(.text.USBD_LL_ClearStallEP)
    USBD_LL_CloseEP                          0x080035b1   Thumb Code    34  usbd_conf.o(.text.USBD_LL_CloseEP)
    USBD_LL_DataInStage                      0x080035d5   Thumb Code   202  usbd_core.o(.text.USBD_LL_DataInStage)
    USBD_LL_DataOutStage                     0x080036a1   Thumb Code   124  usbd_core.o(.text.USBD_LL_DataOutStage)
    USBD_LL_GetRxDataSize                    0x0800371d   Thumb Code     8  usbd_conf.o(.text.USBD_LL_GetRxDataSize)
    USBD_LL_Init                             0x08003725   Thumb Code   134  usbd_conf.o(.text.USBD_LL_Init)
    USBD_LL_IsStallEP                        0x080037ad   Thumb Code    42  usbd_conf.o(.text.USBD_LL_IsStallEP)
    USBD_LL_OpenEP                           0x080037d9   Thumb Code    40  usbd_conf.o(.text.USBD_LL_OpenEP)
    USBD_LL_PrepareReceive                   0x08003801   Thumb Code    34  usbd_conf.o(.text.USBD_LL_PrepareReceive)
    USBD_LL_Reset                            0x08003825   Thumb Code    84  usbd_core.o(.text.USBD_LL_Reset)
    USBD_LL_Resume                           0x08003879   Thumb Code    20  usbd_core.o(.text.USBD_LL_Resume)
    USBD_LL_SOF                              0x0800388d   Thumb Code    28  usbd_core.o(.text.USBD_LL_SOF)
    USBD_LL_SetSpeed                         0x080038a9   Thumb Code     8  usbd_core.o(.text.USBD_LL_SetSpeed)
    USBD_LL_SetUSBAddress                    0x080038b1   Thumb Code    34  usbd_conf.o(.text.USBD_LL_SetUSBAddress)
    USBD_LL_SetupStage                       0x080038d5   Thumb Code    92  usbd_core.o(.text.USBD_LL_SetupStage)
    USBD_LL_StallEP                          0x08003931   Thumb Code    34  usbd_conf.o(.text.USBD_LL_StallEP)
    USBD_LL_Start                            0x08003955   Thumb Code    34  usbd_conf.o(.text.USBD_LL_Start)
    USBD_LL_Suspend                          0x08003979   Thumb Code    20  usbd_core.o(.text.USBD_LL_Suspend)
    USBD_LL_Transmit                         0x0800398d   Thumb Code    34  usbd_conf.o(.text.USBD_LL_Transmit)
    USBD_ParseSetupRequest                   0x080039b1   Thumb Code    22  usbd_ctlreq.o(.text.USBD_ParseSetupRequest)
    USBD_RegisterClass                       0x080039c9   Thumb Code    14  usbd_core.o(.text.USBD_RegisterClass)
    USBD_SetClassConfig                      0x080039d9   Thumb Code    28  usbd_core.o(.text.USBD_SetClassConfig)
    USBD_Start                               0x080039f5   Thumb Code    10  usbd_core.o(.text.USBD_Start)
    USBD_StdDevReq                           0x08003a01   Thumb Code   746  usbd_ctlreq.o(.text.USBD_StdDevReq)
    USBD_StdEPReq                            0x08003ced   Thumb Code   328  usbd_ctlreq.o(.text.USBD_StdEPReq)
    USBD_StdItfReq                           0x08003e35   Thumb Code    84  usbd_ctlreq.o(.text.USBD_StdItfReq)
    USBD_static_free                         0x08003e89   Thumb Code     2  usbd_conf.o(.text.USBD_static_free)
    USBD_static_malloc                       0x08003e8d   Thumb Code    10  usbd_conf.o(.text.USBD_static_malloc)
    USB_ActivateEndpoint                     0x08003e99   Thumb Code   636  stm32f1xx_ll_usb.o(.text.USB_ActivateEndpoint)
    USB_CoreInit                             0x08004115   Thumb Code     4  stm32f1xx_ll_usb.o(.text.USB_CoreInit)
    USB_DeactivateEndpoint                   0x08004119   Thumb Code   222  stm32f1xx_ll_usb.o(.text.USB_DeactivateEndpoint)
    USB_DevConnect                           0x080041f9   Thumb Code     4  stm32f1xx_ll_usb.o(.text.USB_DevConnect)
    USB_DevDisconnect                        0x080041fd   Thumb Code     4  stm32f1xx_ll_usb.o(.text.USB_DevDisconnect)
    USB_DevInit                              0x08004201   Thumb Code    26  stm32f1xx_ll_usb.o(.text.USB_DevInit)
    USB_DisableGlobalInt                     0x0800421d   Thumb Code    20  stm32f1xx_ll_usb.o(.text.USB_DisableGlobalInt)
    USB_EP0_OutStart                         0x08004231   Thumb Code     4  stm32f1xx_ll_usb.o(.text.USB_EP0_OutStart)
    USB_EPClearStall                         0x08004235   Thumb Code   116  stm32f1xx_ll_usb.o(.text.USB_EPClearStall)
    USB_EPSetStall                           0x080042a9   Thumb Code    50  stm32f1xx_ll_usb.o(.text.USB_EPSetStall)
    USB_EPStartXfer                          0x080042dd   Thumb Code  2098  stm32f1xx_ll_usb.o(.text.USB_EPStartXfer)
    USB_EnableGlobalInt                      0x08004b11   Thumb Code    18  stm32f1xx_ll_usb.o(.text.USB_EnableGlobalInt)
    USB_LP_CAN1_RX0_IRQHandler               0x08004b25   Thumb Code    12  stm32f1xx_it.o(.text.USB_LP_CAN1_RX0_IRQHandler)
    USB_ReadInterrupts                       0x08004b31   Thumb Code     6  stm32f1xx_ll_usb.o(.text.USB_ReadInterrupts)
    USB_ReadPMA                              0x08004b39   Thumb Code   180  stm32f1xx_ll_usb.o(.text.USB_ReadPMA)
    USB_SetCurrentMode                       0x08004bed   Thumb Code     4  stm32f1xx_ll_usb.o(.text.USB_SetCurrentMode)
    USB_SetDevAddress                        0x08004bf1   Thumb Code    14  stm32f1xx_ll_usb.o(.text.USB_SetDevAddress)
    USB_WritePMA                             0x08004c01   Thumb Code   154  stm32f1xx_ll_usb.o(.text.USB_WritePMA)
    UsageFault_Handler                       0x08004c9d   Thumb Code     2  stm32f1xx_it.o(.text.UsageFault_Handler)
    main                                     0x08004ca1   Thumb Code  1320  main.o(.text.main)
    _btod_d2e                                0x080051d1   Thumb Code    62  btod.o(CL$$btod_d2e)
    _d2e_denorm_low                          0x0800520f   Thumb Code    70  btod.o(CL$$btod_d2e_denorm_low)
    _d2e_norm_op1                            0x08005255   Thumb Code    96  btod.o(CL$$btod_d2e_norm_op1)
    __btod_div_common                        0x080052b5   Thumb Code   696  btod.o(CL$$btod_div_common)
    _e2e                                     0x080055ed   Thumb Code   220  btod.o(CL$$btod_e2e)
    _btod_ediv                               0x080056c9   Thumb Code    42  btod.o(CL$$btod_ediv)
    _btod_emul                               0x080056f3   Thumb Code    42  btod.o(CL$$btod_emul)
    __btod_mult_common                       0x0800571d   Thumb Code   580  btod.o(CL$$btod_mult_common)
    __ARM_fpclassify                         0x08005961   Thumb Code    40  fpclassify.o(i.__ARM_fpclassify)
    __kernel_poly                            0x08005989   Thumb Code   170  poly.o(i.__kernel_poly)
    __mathlib_dbl_divzero                    0x08005a35   Thumb Code    12  dunder.o(i.__mathlib_dbl_divzero)
    __mathlib_dbl_infnan                     0x08005a45   Thumb Code     6  dunder.o(i.__mathlib_dbl_infnan)
    __mathlib_dbl_invalid                    0x08005a4b   Thumb Code    12  dunder.o(i.__mathlib_dbl_invalid)
    _is_digit                                0x08005a57   Thumb Code    14  __printf_wp.o(i._is_digit)
    log                                      0x08005a65   Thumb Code   808  log.o(i.log)
    _get_lc_numeric                          0x08005dc1   Thumb Code    44  lc_numeric_c.o(locale$$code)
    __aeabi_d2f                              0x08005ded   Thumb Code     0  d2f.o(x$fpl$d2f)
    _d2f                                     0x08005ded   Thumb Code    98  d2f.o(x$fpl$d2f)
    __aeabi_dadd                             0x08005e51   Thumb Code     0  daddsub_clz.o(x$fpl$dadd)
    _dadd                                    0x08005e51   Thumb Code   332  daddsub_clz.o(x$fpl$dadd)
    __fpl_dcheck_NaN1                        0x08005fa1   Thumb Code    10  dcheck1.o(x$fpl$dcheck1)
    __fpl_dcmp_Inf                           0x08005fb1   Thumb Code    24  dcmpi.o(x$fpl$dcmpinf)
    __aeabi_ddiv                             0x08005fc9   Thumb Code     0  ddiv.o(x$fpl$ddiv)
    _ddiv                                    0x08005fc9   Thumb Code   560  ddiv.o(x$fpl$ddiv)
    __aeabi_cdcmpeq                          0x08006281   Thumb Code     0  deqf.o(x$fpl$deqf)
    _dcmpeq                                  0x08006281   Thumb Code   120  deqf.o(x$fpl$deqf)
    __aeabi_i2d                              0x080062f9   Thumb Code     0  dflt_clz.o(x$fpl$dflt)
    _dflt                                    0x080062f9   Thumb Code    46  dflt_clz.o(x$fpl$dflt)
    __aeabi_dmul                             0x08006329   Thumb Code     0  dmul.o(x$fpl$dmul)
    _dmul                                    0x08006329   Thumb Code   332  dmul.o(x$fpl$dmul)
    __fpl_dnaninf                            0x0800647d   Thumb Code   156  dnaninf.o(x$fpl$dnaninf)
    __fpl_dretinf                            0x08006519   Thumb Code    12  dretinf.o(x$fpl$dretinf)
    __aeabi_drsub                            0x08006525   Thumb Code     0  daddsub_clz.o(x$fpl$drsb)
    _drsb                                    0x08006525   Thumb Code    22  daddsub_clz.o(x$fpl$drsb)
    __aeabi_dsub                             0x0800653d   Thumb Code     0  daddsub_clz.o(x$fpl$dsub)
    _dsub                                    0x0800653d   Thumb Code   472  daddsub_clz.o(x$fpl$dsub)
    __aeabi_f2d                              0x08006719   Thumb Code     0  f2d.o(x$fpl$f2d)
    _f2d                                     0x08006719   Thumb Code    86  f2d.o(x$fpl$f2d)
    __aeabi_fdiv                             0x08006771   Thumb Code     0  fdiv.o(x$fpl$fdiv)
    _fdiv                                    0x08006771   Thumb Code   384  fdiv.o(x$fpl$fdiv)
    __aeabi_ui2f                             0x080068f5   Thumb Code     0  fflt_clz.o(x$fpl$ffltu)
    _ffltu                                   0x080068f5   Thumb Code    38  fflt_clz.o(x$fpl$ffltu)
    __fpl_fnaninf                            0x0800691b   Thumb Code   140  fnaninf.o(x$fpl$fnaninf)
    __fpl_fretinf                            0x080069a7   Thumb Code    10  fretinf.o(x$fpl$fretinf)
    _printf_fp_dec                           0x080069b1   Thumb Code     4  printf1.o(x$fpl$printf1)
    __fpl_return_NaN                         0x080069b5   Thumb Code   100  retnan.o(x$fpl$retnan)
    __ARM_scalbn                             0x08006a19   Thumb Code    92  scalbn.o(x$fpl$scalbn)
    __fpl_cmpreturn                          0x08006a75   Thumb Code    48  trapv.o(x$fpl$trapveneer)
    __I$use$fp                               0x08006aa4   Number         0  usenofp.o(x$fpl$usenofp)
    __mathlib_zero                           0x08006ae0   Data           8  qnan.o(.constdata)
    AHBPrescTable                            0x08006b7c   Data          16  system_stm32f1xx.o(.rodata.AHBPrescTable)
    APBPrescTable                            0x08006b8c   Data           8  system_stm32f1xx.o(.rodata.APBPrescTable)
    Region$$Table$$Base                      0x08006ba8   Number         0  anon$$obj.o(Region$$Table)
    Region$$Table$$Limit                     0x08006bc8   Number         0  anon$$obj.o(Region$$Table)
    uwTickFreq                               0x20000000   Data           1  stm32f1xx_hal.o(.data..L_MergedGlobals)
    uwTickPrio                               0x20000004   Data           4  stm32f1xx_hal.o(.data..L_MergedGlobals)
    FS_Desc                                  0x20000008   Data          28  usbd_desc.o(.data.FS_Desc)
    SystemCoreClock                          0x20000024   Data           4  system_stm32f1xx.o(.data.SystemCoreClock)
    USBD_CDC                                 0x20000028   Data          56  usbd_cdc.o(.data.USBD_CDC)
    USBD_CDC_CfgFSDesc                       0x20000060   Data          67  usbd_cdc.o(.data.USBD_CDC_CfgFSDesc)
    USBD_CDC_CfgHSDesc                       0x200000a4   Data          67  usbd_cdc.o(.data.USBD_CDC_CfgHSDesc)
    USBD_CDC_OtherSpeedCfgDesc               0x200000f4   Data          67  usbd_cdc.o(.data.USBD_CDC_OtherSpeedCfgDesc)
    USBD_FS_DeviceDesc                       0x20000138   Data          18  usbd_desc.o(.data.USBD_FS_DeviceDesc)
    USBD_Interface_fops_FS                   0x2000014c   Data          16  usbd_cdc_if.o(.data.USBD_Interface_fops_FS)
    USBD_LangIDDesc                          0x2000015c   Data           4  usbd_desc.o(.data.USBD_LangIDDesc)
    USBD_StringSerial                        0x20000160   Data          26  usbd_desc.o(.data.USBD_StringSerial)
    __libspace_start                         0x20000180   Data          96  libspace.o(.bss)
    __temporary_stack_top$libspace           0x200001e0   Data           0  libspace.o(.bss)
    filtered_value                           0x200001e0   Data           4  main.o(.bss..L_MergedGlobals)
    voltage_value                            0x200001e4   Data           4  main.o(.bss..L_MergedGlobals)
    ohm_value                                0x200001e8   Data           4  main.o(.bss..L_MergedGlobals)
    tempurate_value                          0x200001ec   Data           4  main.o(.bss..L_MergedGlobals)
    hadc1                                    0x200001f0   Data          48  main.o(.bss..L_MergedGlobals)
    USBD_StrDesc                             0x20000224   Data         512  usbd_desc.o(.bss.USBD_StrDesc)
    UserRxBufferFS                           0x20000644   Data        1024  usbd_cdc_if.o(.bss.UserRxBufferFS)
    UserTxBufferFS                           0x20000a44   Data        1024  usbd_cdc_if.o(.bss.UserTxBufferFS)
    adc_value                                0x20000e44   Data          80  main.o(.bss.adc_value)
    buffer                                   0x20000e94   Data          64  main.o(.bss.buffer)
    hUsbDeviceFS                             0x20000ed4   Data         708  usb_device.o(.bss.hUsbDeviceFS)
    hpcd_USB_FS                              0x20001198   Data         728  usbd_conf.o(.bss.hpcd_USB_FS)
    uwTick                                   0x20001470   Data           4  stm32f1xx_hal.o(.bss.uwTick)



==============================================================================

Memory Map of the image

  Image Entry point : 0x080000ed

  Load Region LR_IROM1 (Base: 0x08000000, Size: 0x00006d68, Max: 0x00010000, ABSOLUTE, COMPRESSED[0x00006ca8])

    Execution Region ER_IROM1 (Exec base: 0x08000000, Load base: 0x08000000, Size: 0x00006be4, Max: 0x00010000, ABSOLUTE)

    Exec Addr    Load Addr    Size         Type   Attr      Idx    E Section Name        Object

    0x08000000   0x08000000   0x000000ec   Data   RO            3    RESET               startup_stm32f103xb.o
    0x080000ec   0x080000ec   0x00000008   Code   RO          983  * !!!main             c_w.l(__main.o)
    0x080000f4   0x080000f4   0x0000005c   Code   RO         1294    !!!scatter          c_w.l(__scatter.o)
    0x08000150   0x08000150   0x0000005a   Code   RO         1292    !!dczerorl2         c_w.l(__dczerorl2.o)
    0x080001aa   0x080001aa   0x00000002   PAD
    0x080001ac   0x080001ac   0x00000002   Code   RO         1295    !!handler_null      c_w.l(__scatter.o)
    0x080001ae   0x080001ae   0x00000002   PAD
    0x080001b0   0x080001b0   0x0000001c   Code   RO         1298    !!handler_zi        c_w.l(__scatter_zi.o)
    0x080001cc   0x080001cc   0x00000000   Code   RO          976    .ARM.Collect$$_printf_percent$$00000000  c_w.l(_printf_percent.o)
    0x080001cc   0x080001cc   0x00000006   Code   RO          975    .ARM.Collect$$_printf_percent$$00000003  c_w.l(_printf_f.o)
    0x080001d2   0x080001d2   0x00000004   Code   RO         1029    .ARM.Collect$$_printf_percent$$00000017  c_w.l(_printf_percent_end.o)
    0x080001d6   0x080001d6   0x00000002   Code   RO         1151    .ARM.Collect$$libinit$$00000000  c_w.l(libinit.o)
    0x080001d8   0x080001d8   0x00000000   Code   RO         1153    .ARM.Collect$$libinit$$00000002  c_w.l(libinit2.o)
    0x080001d8   0x080001d8   0x00000000   Code   RO         1155    .ARM.Collect$$libinit$$00000004  c_w.l(libinit2.o)
    0x080001d8   0x080001d8   0x00000000   Code   RO         1157    .ARM.Collect$$libinit$$00000006  c_w.l(libinit2.o)
    0x080001d8   0x080001d8   0x00000000   Code   RO         1160    .ARM.Collect$$libinit$$0000000C  c_w.l(libinit2.o)
    0x080001d8   0x080001d8   0x00000000   Code   RO         1162    .ARM.Collect$$libinit$$0000000E  c_w.l(libinit2.o)
    0x080001d8   0x080001d8   0x00000000   Code   RO         1164    .ARM.Collect$$libinit$$00000010  c_w.l(libinit2.o)
    0x080001d8   0x080001d8   0x00000006   Code   RO         1165    .ARM.Collect$$libinit$$00000011  c_w.l(libinit2.o)
    0x080001de   0x080001de   0x00000000   Code   RO         1167    .ARM.Collect$$libinit$$00000013  c_w.l(libinit2.o)
    0x080001de   0x080001de   0x00000000   Code   RO         1169    .ARM.Collect$$libinit$$00000015  c_w.l(libinit2.o)
    0x080001de   0x080001de   0x00000000   Code   RO         1171    .ARM.Collect$$libinit$$00000017  c_w.l(libinit2.o)
    0x080001de   0x080001de   0x0000000a   Code   RO         1172    .ARM.Collect$$libinit$$00000018  c_w.l(libinit2.o)
    0x080001e8   0x080001e8   0x00000000   Code   RO         1173    .ARM.Collect$$libinit$$00000019  c_w.l(libinit2.o)
    0x080001e8   0x080001e8   0x00000000   Code   RO         1175    .ARM.Collect$$libinit$$0000001B  c_w.l(libinit2.o)
    0x080001e8   0x080001e8   0x00000000   Code   RO         1177    .ARM.Collect$$libinit$$0000001D  c_w.l(libinit2.o)
    0x080001e8   0x080001e8   0x00000000   Code   RO         1179    .ARM.Collect$$libinit$$0000001F  c_w.l(libinit2.o)
    0x080001e8   0x080001e8   0x00000000   Code   RO         1181    .ARM.Collect$$libinit$$00000021  c_w.l(libinit2.o)
    0x080001e8   0x080001e8   0x00000000   Code   RO         1183    .ARM.Collect$$libinit$$00000023  c_w.l(libinit2.o)
    0x080001e8   0x080001e8   0x00000000   Code   RO         1185    .ARM.Collect$$libinit$$00000025  c_w.l(libinit2.o)
    0x080001e8   0x080001e8   0x00000000   Code   RO         1187    .ARM.Collect$$libinit$$00000027  c_w.l(libinit2.o)
    0x080001e8   0x080001e8   0x00000000   Code   RO         1191    .ARM.Collect$$libinit$$0000002E  c_w.l(libinit2.o)
    0x080001e8   0x080001e8   0x00000000   Code   RO         1193    .ARM.Collect$$libinit$$00000030  c_w.l(libinit2.o)
    0x080001e8   0x080001e8   0x00000000   Code   RO         1195    .ARM.Collect$$libinit$$00000032  c_w.l(libinit2.o)
    0x080001e8   0x080001e8   0x00000000   Code   RO         1197    .ARM.Collect$$libinit$$00000034  c_w.l(libinit2.o)
    0x080001e8   0x080001e8   0x00000002   Code   RO         1198    .ARM.Collect$$libinit$$00000035  c_w.l(libinit2.o)
    0x080001ea   0x080001ea   0x00000002   Code   RO         1238    .ARM.Collect$$libshutdown$$00000000  c_w.l(libshutdown.o)
    0x080001ec   0x080001ec   0x00000000   Code   RO         1249    .ARM.Collect$$libshutdown$$00000002  c_w.l(libshutdown2.o)
    0x080001ec   0x080001ec   0x00000000   Code   RO         1251    .ARM.Collect$$libshutdown$$00000004  c_w.l(libshutdown2.o)
    0x080001ec   0x080001ec   0x00000000   Code   RO         1254    .ARM.Collect$$libshutdown$$00000007  c_w.l(libshutdown2.o)
    0x080001ec   0x080001ec   0x00000000   Code   RO         1257    .ARM.Collect$$libshutdown$$0000000A  c_w.l(libshutdown2.o)
    0x080001ec   0x080001ec   0x00000000   Code   RO         1259    .ARM.Collect$$libshutdown$$0000000C  c_w.l(libshutdown2.o)
    0x080001ec   0x080001ec   0x00000000   Code   RO         1262    .ARM.Collect$$libshutdown$$0000000F  c_w.l(libshutdown2.o)
    0x080001ec   0x080001ec   0x00000002   Code   RO         1263    .ARM.Collect$$libshutdown$$00000010  c_w.l(libshutdown2.o)
    0x080001ee   0x080001ee   0x00000000   Code   RO         1018    .ARM.Collect$$rtentry$$00000000  c_w.l(__rtentry.o)
    0x080001ee   0x080001ee   0x00000000   Code   RO         1067    .ARM.Collect$$rtentry$$00000002  c_w.l(__rtentry2.o)
    0x080001ee   0x080001ee   0x00000006   Code   RO         1079    .ARM.Collect$$rtentry$$00000004  c_w.l(__rtentry4.o)
    0x080001f4   0x080001f4   0x00000000   Code   RO         1069    .ARM.Collect$$rtentry$$00000009  c_w.l(__rtentry2.o)
    0x080001f4   0x080001f4   0x00000004   Code   RO         1070    .ARM.Collect$$rtentry$$0000000A  c_w.l(__rtentry2.o)
    0x080001f8   0x080001f8   0x00000000   Code   RO         1072    .ARM.Collect$$rtentry$$0000000C  c_w.l(__rtentry2.o)
    0x080001f8   0x080001f8   0x00000008   Code   RO         1073    .ARM.Collect$$rtentry$$0000000D  c_w.l(__rtentry2.o)
    0x08000200   0x08000200   0x00000002   Code   RO         1201    .ARM.Collect$$rtexit$$00000000  c_w.l(rtexit.o)
    0x08000202   0x08000202   0x00000000   Code   RO         1212    .ARM.Collect$$rtexit$$00000002  c_w.l(rtexit2.o)
    0x08000202   0x08000202   0x00000004   Code   RO         1213    .ARM.Collect$$rtexit$$00000003  c_w.l(rtexit2.o)
    0x08000206   0x08000206   0x00000006   Code   RO         1214    .ARM.Collect$$rtexit$$00000004  c_w.l(rtexit2.o)
    0x0800020c   0x0800020c   0x00000040   Code   RO            4    .text               startup_stm32f103xb.o
    0x0800024c   0x0800024c   0x00000028   Code   RO          951    .text               c_w.l(noretval__2sprintf.o)
    0x08000274   0x08000274   0x0000010e   Code   RO          963    .text               c_w.l(__printf_wp.o)
    0x08000382   0x08000382   0x0000003e   Code   RO          977    .text               c_w.l(strlen.o)
    0x080003c0   0x080003c0   0x00000006   Code   RO          981    .text               c_w.l(heapauxi.o)
    0x080003c6   0x080003c6   0x00000016   Code   RO         1019    .text               c_w.l(_rserrno.o)
    0x080003dc   0x080003dc   0x0000041c   Code   RO         1021    .text               c_w.l(_printf_fp_dec.o)
    0x080007f8   0x080007f8   0x00000030   Code   RO         1025    .text               c_w.l(_printf_char_common.o)
    0x08000828   0x08000828   0x0000000a   Code   RO         1027    .text               c_w.l(_sputc.o)
    0x08000832   0x08000832   0x00000002   PAD
    0x08000834   0x08000834   0x00000008   Code   RO         1084    .text               c_w.l(rt_locale_intlibspace.o)
    0x0800083c   0x0800083c   0x00000008   Code   RO         1089    .text               c_w.l(rt_errno_addr_intlibspace.o)
    0x08000844   0x08000844   0x0000008a   Code   RO         1091    .text               c_w.l(lludiv10.o)
    0x080008ce   0x080008ce   0x00000002   PAD
    0x080008d0   0x080008d0   0x00000080   Code   RO         1093    .text               c_w.l(_printf_fp_infnan.o)
    0x08000950   0x08000950   0x000000e4   Code   RO         1097    .text               c_w.l(bigflt0.o)
    0x08000a34   0x08000a34   0x00000008   Code   RO         1135    .text               c_w.l(libspace.o)
    0x08000a3c   0x08000a3c   0x0000004a   Code   RO         1138    .text               c_w.l(sys_stackheap_outer.o)
    0x08000a86   0x08000a86   0x00000012   Code   RO         1142    .text               c_w.l(exit.o)
    0x08000a98   0x08000a98   0x00000080   Code   RO         1144    .text               c_w.l(strcmpv7m.o)
    0x08000b18   0x08000b18   0x0000000c   Code   RO         1224    .text               c_w.l(sys_exit.o)
    0x08000b24   0x08000b24   0x00000002   Code   RO         1239    .text               c_w.l(use_no_semi.o)
    0x08000b26   0x08000b26   0x00000000   Code   RO         1241    .text               c_w.l(indicate_semi.o)
    0x08000b26   0x08000b26   0x00000002   PAD
    0x08000b28   0x08000b28   0x000000ae   Code   RO          586    .text.ADC_Enable    stm32f1xx_hal_adc.o
    0x08000bd6   0x08000bd6   0x00000002   PAD
    0x08000bd8   0x08000bd8   0x00000002   Code   RO           36    .text.BusFault_Handler  stm32f1xx_it.o
    0x08000bda   0x08000bda   0x00000002   PAD
    0x08000bdc   0x08000bdc   0x00000004   Code   RO          725    .text.CDC_Control_FS  usbd_cdc_if.o
    0x08000be0   0x08000be0   0x00000004   Code   RO          723    .text.CDC_DeInit_FS  usbd_cdc_if.o
    0x08000be4   0x08000be4   0x0000002c   Code   RO          721    .text.CDC_Init_FS   usbd_cdc_if.o
    0x08000c10   0x08000c10   0x0000001c   Code   RO          727    .text.CDC_Receive_FS  usbd_cdc_if.o
    0x08000c2c   0x08000c2c   0x00000036   Code   RO          729    .text.CDC_Transmit_FS  usbd_cdc_if.o
    0x08000c62   0x08000c62   0x00000002   PAD
    0x08000c64   0x08000c64   0x00000002   Code   RO           42    .text.DebugMon_Handler  stm32f1xx_it.o
    0x08000c66   0x08000c66   0x00000002   PAD
    0x08000c68   0x08000c68   0x0000000a   Code   RO           15    .text.Error_Handler  main.o
    0x08000c72   0x08000c72   0x00000002   PAD
    0x08000c74   0x08000c74   0x0000013e   Code   RO          620    .text.HAL_ADC_ConfigChannel  stm32f1xx_hal_adc.o
    0x08000db2   0x08000db2   0x00000002   PAD
    0x08000db4   0x08000db4   0x00000006   Code   RO          608    .text.HAL_ADC_GetValue  stm32f1xx_hal_adc.o
    0x08000dba   0x08000dba   0x00000002   PAD
    0x08000dbc   0x08000dbc   0x00000158   Code   RO          574    .text.HAL_ADC_Init  stm32f1xx_hal_adc.o
    0x08000f14   0x08000f14   0x00000066   Code   RO           59    .text.HAL_ADC_MspInit  stm32f1xx_hal_msp.o
    0x08000f7a   0x08000f7a   0x00000002   PAD
    0x08000f7c   0x08000f7c   0x0000026e   Code   RO          590    .text.HAL_ADC_PollForConversion  stm32f1xx_hal_adc.o
    0x080011ea   0x080011ea   0x00000002   PAD
    0x080011ec   0x080011ec   0x000000ce   Code   RO          584    .text.HAL_ADC_Start  stm32f1xx_hal_adc.o
    0x080012ba   0x080012ba   0x00000002   PAD
    0x080012bc   0x080012bc   0x0000007e   Code   RO          588    .text.HAL_ADC_Stop  stm32f1xx_hal_adc.o
    0x0800133a   0x0800133a   0x00000002   PAD
    0x0800133c   0x0800133c   0x00000028   Code   RO          261    .text.HAL_Delay     stm32f1xx_hal.o
    0x08001364   0x08001364   0x0000020e   Code   RO          353    .text.HAL_GPIO_Init  stm32f1xx_hal_gpio.o
    0x08001572   0x08001572   0x00000002   PAD
    0x08001574   0x08001574   0x0000000c   Code   RO          253    .text.HAL_GetTick   stm32f1xx_hal.o
    0x08001580   0x08001580   0x0000001a   Code   RO          251    .text.HAL_IncTick   stm32f1xx_hal.o
    0x0800159a   0x0800159a   0x00000002   PAD
    0x0800159c   0x0800159c   0x00000026   Code   RO          241    .text.HAL_Init      stm32f1xx_hal.o
    0x080015c2   0x080015c2   0x00000002   PAD
    0x080015c4   0x080015c4   0x00000048   Code   RO          243    .text.HAL_InitTick  stm32f1xx_hal.o
    0x0800160c   0x0800160c   0x00000042   Code   RO           57    .text.HAL_MspInit   stm32f1xx_hal_msp.o
    0x0800164e   0x0800164e   0x00000002   PAD
    0x08001650   0x08001650   0x00000022   Code   RO          413    .text.HAL_NVIC_EnableIRQ  stm32f1xx_hal_cortex.o
    0x08001672   0x08001672   0x00000002   PAD
    0x08001674   0x08001674   0x00000056   Code   RO          411    .text.HAL_NVIC_SetPriority  stm32f1xx_hal_cortex.o
    0x080016ca   0x080016ca   0x00000002   PAD
    0x080016cc   0x080016cc   0x00000020   Code   RO          409    .text.HAL_NVIC_SetPriorityGrouping  stm32f1xx_hal_cortex.o
    0x080016ec   0x080016ec   0x0000004c   Code   RO          161    .text.HAL_PCDEx_PMAConfig  stm32f1xx_hal_pcd_ex.o
    0x08001738   0x08001738   0x00000002   Code   RO          802    .text.HAL_PCDEx_SetConnectionState  usbd_conf.o
    0x0800173a   0x0800173a   0x00000002   PAD
    0x0800173c   0x0800173c   0x00000014   Code   RO          750    .text.HAL_PCD_DataInStageCallback  usbd_conf.o
    0x08001750   0x08001750   0x00000016   Code   RO          748    .text.HAL_PCD_DataOutStageCallback  usbd_conf.o
    0x08001766   0x08001766   0x00000002   PAD
    0x08001768   0x08001768   0x00000050   Code   RO          131    .text.HAL_PCD_EP_Close  stm32f1xx_hal_pcd.o
    0x080017b8   0x080017b8   0x00000060   Code   RO          141    .text.HAL_PCD_EP_ClrStall  stm32f1xx_hal_pcd.o
    0x08001818   0x08001818   0x00000012   Code   RO          135    .text.HAL_PCD_EP_GetRxCount  stm32f1xx_hal_pcd.o
    0x0800182a   0x0800182a   0x00000002   PAD
    0x0800182c   0x0800182c   0x0000005c   Code   RO          129    .text.HAL_PCD_EP_Open  stm32f1xx_hal_pcd.o
    0x08001888   0x08001888   0x00000032   Code   RO          133    .text.HAL_PCD_EP_Receive  stm32f1xx_hal_pcd.o
    0x080018ba   0x080018ba   0x00000002   PAD
    0x080018bc   0x080018bc   0x0000006c   Code   RO          139    .text.HAL_PCD_EP_SetStall  stm32f1xx_hal_pcd.o
    0x08001928   0x08001928   0x00000036   Code   RO          137    .text.HAL_PCD_EP_Transmit  stm32f1xx_hal_pcd.o
    0x0800195e   0x0800195e   0x00000002   PAD
    0x08001960   0x08001960   0x0000093a   Code   RO           97    .text.HAL_PCD_IRQHandler  stm32f1xx_hal_pcd.o
    0x0800229a   0x0800229a   0x00000002   PAD
    0x0800229c   0x0800229c   0x00000246   Code   RO           85    .text.HAL_PCD_Init  stm32f1xx_hal_pcd.o
    0x080024e2   0x080024e2   0x00000002   PAD
    0x080024e4   0x080024e4   0x00000044   Code   RO          742    .text.HAL_PCD_MspInit  usbd_conf.o
    0x08002528   0x08002528   0x00000024   Code   RO          754    .text.HAL_PCD_ResetCallback  usbd_conf.o
    0x0800254c   0x0800254c   0x00000008   Code   RO          758    .text.HAL_PCD_ResumeCallback  usbd_conf.o
    0x08002554   0x08002554   0x00000008   Code   RO          752    .text.HAL_PCD_SOFCallback  usbd_conf.o
    0x0800255c   0x0800255c   0x00000028   Code   RO          101    .text.HAL_PCD_SetAddress  stm32f1xx_hal_pcd.o
    0x08002584   0x08002584   0x0000000e   Code   RO          746    .text.HAL_PCD_SetupStageCallback  usbd_conf.o
    0x08002592   0x08002592   0x00000002   PAD
    0x08002594   0x08002594   0x00000034   Code   RO           93    .text.HAL_PCD_Start  stm32f1xx_hal_pcd.o
    0x080025c8   0x080025c8   0x00000026   Code   RO          756    .text.HAL_PCD_SuspendCallback  usbd_conf.o
    0x080025ee   0x080025ee   0x00000002   PAD
    0x080025f0   0x080025f0   0x000000f8   Code   RO          343    .text.HAL_RCCEx_GetPeriphCLKFreq  stm32f1xx_hal_rcc_ex.o
    0x080026e8   0x080026e8   0x00000102   Code   RO          339    .text.HAL_RCCEx_PeriphCLKConfig  stm32f1xx_hal_rcc_ex.o
    0x080027ea   0x080027ea   0x00000002   PAD
    0x080027ec   0x080027ec   0x000001ba   Code   RO          305    .text.HAL_RCC_ClockConfig  stm32f1xx_hal_rcc.o
    0x080029a6   0x080029a6   0x00000002   PAD
    0x080029a8   0x080029a8   0x00000026   Code   RO          319    .text.HAL_RCC_GetPCLK2Freq  stm32f1xx_hal_rcc.o
    0x080029ce   0x080029ce   0x00000002   PAD
    0x080029d0   0x080029d0   0x00000400   Code   RO          303    .text.HAL_RCC_OscConfig  stm32f1xx_hal_rcc.o
    0x08002dd0   0x08002dd0   0x0000002c   Code   RO          421    .text.HAL_SYSTICK_Config  stm32f1xx_hal_cortex.o
    0x08002dfc   0x08002dfc   0x00000002   Code   RO           32    .text.HardFault_Handler  stm32f1xx_it.o
    0x08002dfe   0x08002dfe   0x00000002   PAD
    0x08002e00   0x08002e00   0x00000072   Code   RO          685    .text.MX_USB_DEVICE_Init  usb_device.o
    0x08002e72   0x08002e72   0x00000002   PAD
    0x08002e74   0x08002e74   0x00000002   Code   RO           34    .text.MemManage_Handler  stm32f1xx_it.o
    0x08002e76   0x08002e76   0x00000002   PAD
    0x08002e78   0x08002e78   0x00000002   Code   RO           30    .text.NMI_Handler   stm32f1xx_it.o
    0x08002e7a   0x08002e7a   0x00000002   PAD
    0x08002e7c   0x08002e7c   0x00000002   Code   RO           44    .text.PendSV_Handler  stm32f1xx_it.o
    0x08002e7e   0x08002e7e   0x00000002   PAD
    0x08002e80   0x08002e80   0x00000002   Code   RO           40    .text.SVC_Handler   stm32f1xx_it.o
    0x08002e82   0x08002e82   0x00000002   PAD
    0x08002e84   0x08002e84   0x00000004   Code   RO           46    .text.SysTick_Handler  stm32f1xx_it.o
    0x08002e88   0x08002e88   0x00000002   Code   RO          670    .text.SystemInit    system_stm32f1xx.o
    0x08002e8a   0x08002e8a   0x00000002   PAD
    0x08002e8c   0x08002e8c   0x00000050   Code   RO          913    .text.USBD_CDC_DataIn  usbd_cdc.o
    0x08002edc   0x08002edc   0x00000030   Code   RO          915    .text.USBD_CDC_DataOut  usbd_cdc.o
    0x08002f0c   0x08002f0c   0x00000042   Code   RO          907    .text.USBD_CDC_DeInit  usbd_cdc.o
    0x08002f4e   0x08002f4e   0x00000002   PAD
    0x08002f50   0x08002f50   0x0000002c   Code   RO          911    .text.USBD_CDC_EP0_RxReady  usbd_cdc.o
    0x08002f7c   0x08002f7c   0x00000010   Code   RO          923    .text.USBD_CDC_GetDeviceQualifierDescriptor  usbd_cdc.o
    0x08002f8c   0x08002f8c   0x00000010   Code   RO          919    .text.USBD_CDC_GetFSCfgDesc  usbd_cdc.o
    0x08002f9c   0x08002f9c   0x00000010   Code   RO          917    .text.USBD_CDC_GetHSCfgDesc  usbd_cdc.o
    0x08002fac   0x08002fac   0x00000010   Code   RO          921    .text.USBD_CDC_GetOtherSpeedCfgDesc  usbd_cdc.o
    0x08002fbc   0x08002fbc   0x00000082   Code   RO          905    .text.USBD_CDC_Init  usbd_cdc.o
    0x0800303e   0x0800303e   0x00000002   PAD
    0x08003040   0x08003040   0x0000002c   Code   RO          933    .text.USBD_CDC_ReceivePacket  usbd_cdc.o
    0x0800306c   0x0800306c   0x0000000e   Code   RO          925    .text.USBD_CDC_RegisterInterface  usbd_cdc.o
    0x0800307a   0x0800307a   0x00000002   PAD
    0x0800307c   0x0800307c   0x0000000c   Code   RO          929    .text.USBD_CDC_SetRxBuffer  usbd_cdc.o
    0x08003088   0x08003088   0x00000010   Code   RO          927    .text.USBD_CDC_SetTxBuffer  usbd_cdc.o
    0x08003098   0x08003098   0x000000c6   Code   RO          909    .text.USBD_CDC_Setup  usbd_cdc.o
    0x0800315e   0x0800315e   0x00000002   PAD
    0x08003160   0x08003160   0x0000003e   Code   RO          931    .text.USBD_CDC_TransmitPacket  usbd_cdc.o
    0x0800319e   0x0800319e   0x00000002   PAD
    0x080031a0   0x080031a0   0x0000000e   Code   RO          828    .text.USBD_ClrClassConfig  usbd_core.o
    0x080031ae   0x080031ae   0x00000002   PAD
    0x080031b0   0x080031b0   0x00000010   Code   RO          889    .text.USBD_CtlContinueRx  usbd_ioreq.o
    0x080031c0   0x080031c0   0x00000010   Code   RO          885    .text.USBD_CtlContinueSendData  usbd_ioreq.o
    0x080031d0   0x080031d0   0x00000016   Code   RO          864    .text.USBD_CtlError  usbd_ctlreq.o
    0x080031e6   0x080031e6   0x00000002   PAD
    0x080031e8   0x080031e8   0x0000001a   Code   RO          887    .text.USBD_CtlPrepareRx  usbd_ioreq.o
    0x08003202   0x08003202   0x00000002   PAD
    0x08003204   0x08003204   0x00000016   Code   RO          893    .text.USBD_CtlReceiveStatus  usbd_ioreq.o
    0x0800321a   0x0800321a   0x00000002   PAD
    0x0800321c   0x0800321c   0x0000001a   Code   RO          883    .text.USBD_CtlSendData  usbd_ioreq.o
    0x08003236   0x08003236   0x00000002   PAD
    0x08003238   0x08003238   0x00000016   Code   RO          891    .text.USBD_CtlSendStatus  usbd_ioreq.o
    0x0800324e   0x0800324e   0x00000002   PAD
    0x08003250   0x08003250   0x00000024   Code   RO          704    .text.USBD_FS_ConfigStrDescriptor  usbd_desc.o
    0x08003274   0x08003274   0x0000000e   Code   RO          694    .text.USBD_FS_DeviceDescriptor  usbd_desc.o
    0x08003282   0x08003282   0x00000002   PAD
    0x08003284   0x08003284   0x00000028   Code   RO          706    .text.USBD_FS_InterfaceStrDescriptor  usbd_desc.o
    0x080032ac   0x080032ac   0x0000000e   Code   RO          696    .text.USBD_FS_LangIDStrDescriptor  usbd_desc.o
    0x080032ba   0x080032ba   0x00000002   PAD
    0x080032bc   0x080032bc   0x0000002c   Code   RO          698    .text.USBD_FS_ManufacturerStrDescriptor  usbd_desc.o
    0x080032e8   0x080032e8   0x00000030   Code   RO          700    .text.USBD_FS_ProductStrDescriptor  usbd_desc.o
    0x08003318   0x08003318   0x00000170   Code   RO          702    .text.USBD_FS_SerialStrDescriptor  usbd_desc.o
    0x08003488   0x08003488   0x000000d2   Code   RO          872    .text.USBD_GetString  usbd_ctlreq.o
    0x0800355a   0x0800355a   0x00000002   PAD
    0x0800355c   0x0800355c   0x00000030   Code   RO          814    .text.USBD_Init     usbd_core.o
    0x0800358c   0x0800358c   0x00000022   Code   RO          784    .text.USBD_LL_ClearStallEP  usbd_conf.o
    0x080035ae   0x080035ae   0x00000002   PAD
    0x080035b0   0x080035b0   0x00000022   Code   RO          778    .text.USBD_LL_CloseEP  usbd_conf.o
    0x080035d2   0x080035d2   0x00000002   PAD
    0x080035d4   0x080035d4   0x000000ca   Code   RO          834    .text.USBD_LL_DataInStage  usbd_core.o
    0x0800369e   0x0800369e   0x00000002   PAD
    0x080036a0   0x080036a0   0x0000007c   Code   RO          832    .text.USBD_LL_DataOutStage  usbd_core.o
    0x0800371c   0x0800371c   0x00000008   Code   RO          794    .text.USBD_LL_GetRxDataSize  usbd_conf.o
    0x08003724   0x08003724   0x00000086   Code   RO          768    .text.USBD_LL_Init  usbd_conf.o
    0x080037aa   0x080037aa   0x00000002   PAD
    0x080037ac   0x080037ac   0x0000002a   Code   RO          786    .text.USBD_LL_IsStallEP  usbd_conf.o
    0x080037d6   0x080037d6   0x00000002   PAD
    0x080037d8   0x080037d8   0x00000028   Code   RO          776    .text.USBD_LL_OpenEP  usbd_conf.o
    0x08003800   0x08003800   0x00000022   Code   RO          792    .text.USBD_LL_PrepareReceive  usbd_conf.o
    0x08003822   0x08003822   0x00000002   PAD
    0x08003824   0x08003824   0x00000054   Code   RO          836    .text.USBD_LL_Reset  usbd_core.o
    0x08003878   0x08003878   0x00000014   Code   RO          842    .text.USBD_LL_Resume  usbd_core.o
    0x0800388c   0x0800388c   0x0000001c   Code   RO          844    .text.USBD_LL_SOF   usbd_core.o
    0x080038a8   0x080038a8   0x00000008   Code   RO          838    .text.USBD_LL_SetSpeed  usbd_core.o
    0x080038b0   0x080038b0   0x00000022   Code   RO          788    .text.USBD_LL_SetUSBAddress  usbd_conf.o
    0x080038d2   0x080038d2   0x00000002   PAD
    0x080038d4   0x080038d4   0x0000005c   Code   RO          830    .text.USBD_LL_SetupStage  usbd_core.o
    0x08003930   0x08003930   0x00000022   Code   RO          782    .text.USBD_LL_StallEP  usbd_conf.o
    0x08003952   0x08003952   0x00000002   PAD
    0x08003954   0x08003954   0x00000022   Code   RO          772    .text.USBD_LL_Start  usbd_conf.o
    0x08003976   0x08003976   0x00000002   PAD
    0x08003978   0x08003978   0x00000014   Code   RO          840    .text.USBD_LL_Suspend  usbd_core.o
    0x0800398c   0x0800398c   0x00000022   Code   RO          790    .text.USBD_LL_Transmit  usbd_conf.o
    0x080039ae   0x080039ae   0x00000002   PAD
    0x080039b0   0x080039b0   0x00000016   Code   RO          870    .text.USBD_ParseSetupRequest  usbd_ctlreq.o
    0x080039c6   0x080039c6   0x00000002   PAD
    0x080039c8   0x080039c8   0x0000000e   Code   RO          818    .text.USBD_RegisterClass  usbd_core.o
    0x080039d6   0x080039d6   0x00000002   PAD
    0x080039d8   0x080039d8   0x0000001c   Code   RO          826    .text.USBD_SetClassConfig  usbd_core.o
    0x080039f4   0x080039f4   0x0000000a   Code   RO          820    .text.USBD_Start    usbd_core.o
    0x080039fe   0x080039fe   0x00000002   PAD
    0x08003a00   0x08003a00   0x000002ea   Code   RO          862    .text.USBD_StdDevReq  usbd_ctlreq.o
    0x08003cea   0x08003cea   0x00000002   PAD
    0x08003cec   0x08003cec   0x00000148   Code   RO          868    .text.USBD_StdEPReq  usbd_ctlreq.o
    0x08003e34   0x08003e34   0x00000054   Code   RO          866    .text.USBD_StdItfReq  usbd_ctlreq.o
    0x08003e88   0x08003e88   0x00000002   Code   RO          800    .text.USBD_static_free  usbd_conf.o
    0x08003e8a   0x08003e8a   0x00000002   PAD
    0x08003e8c   0x08003e8c   0x0000000a   Code   RO          798    .text.USBD_static_malloc  usbd_conf.o
    0x08003e96   0x08003e96   0x00000002   PAD
    0x08003e98   0x08003e98   0x0000027c   Code   RO          191    .text.USB_ActivateEndpoint  stm32f1xx_ll_usb.o
    0x08004114   0x08004114   0x00000004   Code   RO          177    .text.USB_CoreInit  stm32f1xx_ll_usb.o
    0x08004118   0x08004118   0x000000de   Code   RO          193    .text.USB_DeactivateEndpoint  stm32f1xx_ll_usb.o
    0x080041f6   0x080041f6   0x00000002   PAD
    0x080041f8   0x080041f8   0x00000004   Code   RO          209    .text.USB_DevConnect  stm32f1xx_ll_usb.o
    0x080041fc   0x080041fc   0x00000004   Code   RO          211    .text.USB_DevDisconnect  stm32f1xx_ll_usb.o
    0x08004200   0x08004200   0x0000001a   Code   RO          185    .text.USB_DevInit   stm32f1xx_ll_usb.o
    0x0800421a   0x0800421a   0x00000002   PAD
    0x0800421c   0x0800421c   0x00000014   Code   RO          181    .text.USB_DisableGlobalInt  stm32f1xx_ll_usb.o
    0x08004230   0x08004230   0x00000004   Code   RO          225    .text.USB_EP0_OutStart  stm32f1xx_ll_usb.o
    0x08004234   0x08004234   0x00000074   Code   RO          201    .text.USB_EPClearStall  stm32f1xx_ll_usb.o
    0x080042a8   0x080042a8   0x00000032   Code   RO          199    .text.USB_EPSetStall  stm32f1xx_ll_usb.o
    0x080042da   0x080042da   0x00000002   PAD
    0x080042dc   0x080042dc   0x00000832   Code   RO          195    .text.USB_EPStartXfer  stm32f1xx_ll_usb.o
    0x08004b0e   0x08004b0e   0x00000002   PAD
    0x08004b10   0x08004b10   0x00000012   Code   RO          179    .text.USB_EnableGlobalInt  stm32f1xx_ll_usb.o
    0x08004b22   0x08004b22   0x00000002   PAD
    0x08004b24   0x08004b24   0x0000000c   Code   RO           48    .text.USB_LP_CAN1_RX0_IRQHandler  stm32f1xx_it.o
    0x08004b30   0x08004b30   0x00000006   Code   RO          213    .text.USB_ReadInterrupts  stm32f1xx_ll_usb.o
    0x08004b36   0x08004b36   0x00000002   PAD
    0x08004b38   0x08004b38   0x000000b4   Code   RO          231    .text.USB_ReadPMA   stm32f1xx_ll_usb.o
    0x08004bec   0x08004bec   0x00000004   Code   RO          183    .text.USB_SetCurrentMode  stm32f1xx_ll_usb.o
    0x08004bf0   0x08004bf0   0x0000000e   Code   RO          207    .text.USB_SetDevAddress  stm32f1xx_ll_usb.o
    0x08004bfe   0x08004bfe   0x00000002   PAD
    0x08004c00   0x08004c00   0x0000009a   Code   RO          197    .text.USB_WritePMA  stm32f1xx_ll_usb.o
    0x08004c9a   0x08004c9a   0x00000002   PAD
    0x08004c9c   0x08004c9c   0x00000002   Code   RO           38    .text.UsageFault_Handler  stm32f1xx_it.o
    0x08004c9e   0x08004c9e   0x00000002   PAD
    0x08004ca0   0x08004ca0   0x00000530   Code   RO           11    .text.main          main.o
    0x080051d0   0x080051d0   0x0000003e   Code   RO         1100    CL$$btod_d2e        c_w.l(btod.o)
    0x0800520e   0x0800520e   0x00000046   Code   RO         1102    CL$$btod_d2e_denorm_low  c_w.l(btod.o)
    0x08005254   0x08005254   0x00000060   Code   RO         1101    CL$$btod_d2e_norm_op1  c_w.l(btod.o)
    0x080052b4   0x080052b4   0x00000338   Code   RO         1110    CL$$btod_div_common  c_w.l(btod.o)
    0x080055ec   0x080055ec   0x000000dc   Code   RO         1107    CL$$btod_e2e        c_w.l(btod.o)
    0x080056c8   0x080056c8   0x0000002a   Code   RO         1104    CL$$btod_ediv       c_w.l(btod.o)
    0x080056f2   0x080056f2   0x0000002a   Code   RO         1103    CL$$btod_emul       c_w.l(btod.o)
    0x0800571c   0x0800571c   0x00000244   Code   RO         1109    CL$$btod_mult_common  c_w.l(btod.o)
    0x08005960   0x08005960   0x00000028   Code   RO         1133    i.__ARM_fpclassify  m_ws.l(fpclassify.o)
    0x08005988   0x08005988   0x000000aa   Code   RO         1063    i.__kernel_poly     m_ws.l(poly.o)
    0x08005a32   0x08005a32   0x00000002   PAD
    0x08005a34   0x08005a34   0x00000010   Code   RO         1049    i.__mathlib_dbl_divzero  m_ws.l(dunder.o)
    0x08005a44   0x08005a44   0x00000006   Code   RO         1050    i.__mathlib_dbl_infnan  m_ws.l(dunder.o)
    0x08005a4a   0x08005a4a   0x0000000c   Code   RO         1052    i.__mathlib_dbl_invalid  m_ws.l(dunder.o)
    0x08005a56   0x08005a56   0x0000000e   Code   RO          965    i._is_digit         c_w.l(__printf_wp.o)
    0x08005a64   0x08005a64   0x0000035c   Code   RO         1014    i.log               m_ws.l(log.o)
    0x08005dc0   0x08005dc0   0x0000002c   Code   RO         1125    locale$$code        c_w.l(lc_numeric_c.o)
    0x08005dec   0x08005dec   0x00000062   Code   RO          985    x$fpl$d2f           fz_ws.l(d2f.o)
    0x08005e4e   0x08005e4e   0x00000002   PAD
    0x08005e50   0x08005e50   0x00000150   Code   RO          987    x$fpl$dadd          fz_ws.l(daddsub_clz.o)
    0x08005fa0   0x08005fa0   0x00000010   Code   RO         1127    x$fpl$dcheck1       fz_ws.l(dcheck1.o)
    0x08005fb0   0x08005fb0   0x00000018   Code   RO         1129    x$fpl$dcmpinf       fz_ws.l(dcmpi.o)
    0x08005fc8   0x08005fc8   0x000002b8   Code   RO          994    x$fpl$ddiv          fz_ws.l(ddiv.o)
    0x08006280   0x08006280   0x00000078   Code   RO         1030    x$fpl$deqf          fz_ws.l(deqf.o)
    0x080062f8   0x080062f8   0x0000002e   Code   RO         1033    x$fpl$dflt          fz_ws.l(dflt_clz.o)
    0x08006326   0x08006326   0x00000002   PAD
    0x08006328   0x08006328   0x00000154   Code   RO          997    x$fpl$dmul          fz_ws.l(dmul.o)
    0x0800647c   0x0800647c   0x0000009c   Code   RO         1038    x$fpl$dnaninf       fz_ws.l(dnaninf.o)
    0x08006518   0x08006518   0x0000000c   Code   RO         1040    x$fpl$dretinf       fz_ws.l(dretinf.o)
    0x08006524   0x08006524   0x00000016   Code   RO          988    x$fpl$drsb          fz_ws.l(daddsub_clz.o)
    0x0800653a   0x0800653a   0x00000002   PAD
    0x0800653c   0x0800653c   0x000001dc   Code   RO          989    x$fpl$dsub          fz_ws.l(daddsub_clz.o)
    0x08006718   0x08006718   0x00000056   Code   RO          999    x$fpl$f2d           fz_ws.l(f2d.o)
    0x0800676e   0x0800676e   0x00000002   PAD
    0x08006770   0x08006770   0x00000184   Code   RO         1002    x$fpl$fdiv          fz_ws.l(fdiv.o)
    0x080068f4   0x080068f4   0x00000026   Code   RO         1005    x$fpl$ffltu         fz_ws.l(fflt_clz.o)
    0x0800691a   0x0800691a   0x0000008c   Code   RO         1042    x$fpl$fnaninf       fz_ws.l(fnaninf.o)
    0x080069a6   0x080069a6   0x0000000a   Code   RO         1044    x$fpl$fretinf       fz_ws.l(fretinf.o)
    0x080069b0   0x080069b0   0x00000004   Code   RO         1011    x$fpl$printf1       fz_ws.l(printf1.o)
    0x080069b4   0x080069b4   0x00000064   Code   RO         1199    x$fpl$retnan        fz_ws.l(retnan.o)
    0x08006a18   0x08006a18   0x0000005c   Code   RO         1046    x$fpl$scalbn        fz_ws.l(scalbn.o)
    0x08006a74   0x08006a74   0x00000030   Code   RO         1209    x$fpl$trapveneer    fz_ws.l(trapv.o)
    0x08006aa4   0x08006aa4   0x00000000   Code   RO         1048    x$fpl$usenofp       fz_ws.l(usenofp.o)
    0x08006aa4   0x08006aa4   0x00000004   PAD
    0x08006aa8   0x08006aa8   0x00000038   Data   RO         1015    .constdata          m_ws.l(log.o)
    0x08006ae0   0x08006ae0   0x00000008   Data   RO         1065    .constdata          m_ws.l(qnan.o)
    0x08006ae8   0x08006ae8   0x00000094   Data   RO         1098    .constdata          c_w.l(bigflt0.o)
    0x08006b7c   0x08006b7c   0x00000010   Data   RO          675    .rodata.AHBPrescTable  system_stm32f1xx.o
    0x08006b8c   0x08006b8c   0x00000008   Data   RO          676    .rodata.APBPrescTable  system_stm32f1xx.o
    0x08006b94   0x08006b94   0x00000002   Data   RO          330    .rodata.HAL_RCC_GetSysClockFreq.aPredivFactorTable  stm32f1xx_hal_rcc.o
    0x08006b96   0x08006b96   0x00000010   Data   RO          329    .rodata.cst16       stm32f1xx_hal_rcc.o
    0x08006ba6   0x08006ba6   0x00000002   PAD
    0x08006ba8   0x08006ba8   0x00000020   Data   RO         1291    Region$$Table       anon$$obj.o
    0x08006bc8   0x08006bc8   0x0000001c   Data   RO         1124    locale$$data        c_w.l(lc_numeric_c.o)


    Execution Region RW_IRAM1 (Exec base: 0x20000000, Load base: 0x08006be8, Size: 0x00001a78, Max: 0x00005000, ABSOLUTE, COMPRESSED[0x000000c0])

    Exec Addr    Load Addr    Size         Type   Attr      Idx    E Section Name        Object

    0x20000000   COMPRESSED   0x00000008   Data   RW          292    .data..L_MergedGlobals  stm32f1xx_hal.o
    0x20000008   COMPRESSED   0x0000001c   Data   RW          708    .data.FS_Desc       usbd_desc.o
    0x20000024   COMPRESSED   0x00000004   Data   RW          674    .data.SystemCoreClock  system_stm32f1xx.o
    0x20000028   COMPRESSED   0x00000038   Data   RW          935    .data.USBD_CDC      usbd_cdc.o
    0x20000060   COMPRESSED   0x00000043   Data   RW          937    .data.USBD_CDC_CfgFSDesc  usbd_cdc.o
    0x200000a3   COMPRESSED   0x00000001   PAD
    0x200000a4   COMPRESSED   0x00000043   Data   RW          936    .data.USBD_CDC_CfgHSDesc  usbd_cdc.o
    0x200000e7   COMPRESSED   0x00000001   PAD
    0x200000e8   COMPRESSED   0x0000000a   Data   RW          939    .data.USBD_CDC_DeviceQualifierDesc  usbd_cdc.o
    0x200000f2   COMPRESSED   0x00000002   PAD
    0x200000f4   COMPRESSED   0x00000043   Data   RW          938    .data.USBD_CDC_OtherSpeedCfgDesc  usbd_cdc.o
    0x20000137   COMPRESSED   0x00000001   PAD
    0x20000138   COMPRESSED   0x00000012   Data   RW          709    .data.USBD_FS_DeviceDesc  usbd_desc.o
    0x2000014a   COMPRESSED   0x00000002   PAD
    0x2000014c   COMPRESSED   0x00000010   Data   RW          731    .data.USBD_Interface_fops_FS  usbd_cdc_if.o
    0x2000015c   COMPRESSED   0x00000004   Data   RW          710    .data.USBD_LangIDDesc  usbd_desc.o
    0x20000160   COMPRESSED   0x0000001a   Data   RW          711    .data.USBD_StringSerial  usbd_desc.o
    0x2000017a   COMPRESSED   0x00000006   PAD
    0x20000180        -       0x00000060   Zero   RW         1136    .bss                c_w.l(libspace.o)
    0x200001e0        -       0x00000040   Zero   RW           21    .bss..L_MergedGlobals  main.o
    0x20000220        -       0x00000001   Zero   RW          874    .bss.USBD_SetConfig.cfgidx  usbd_ctlreq.o
    0x20000221   COMPRESSED   0x00000003   PAD
    0x20000224        -       0x00000200   Zero   RW          712    .bss.USBD_StrDesc   usbd_desc.o
    0x20000424        -       0x00000220   Zero   RW          805    .bss.USBD_static_malloc.mem  usbd_conf.o
    0x20000644        -       0x00000400   Zero   RW          732    .bss.UserRxBufferFS  usbd_cdc_if.o
    0x20000a44        -       0x00000400   Zero   RW          733    .bss.UserTxBufferFS  usbd_cdc_if.o
    0x20000e44        -       0x00000050   Zero   RW           18    .bss.adc_value      main.o
    0x20000e94        -       0x00000040   Zero   RW           19    .bss.buffer         main.o
    0x20000ed4        -       0x000002c4   Zero   RW          687    .bss.hUsbDeviceFS   usb_device.o
    0x20001198        -       0x000002d8   Zero   RW          804    .bss.hpcd_USB_FS    usbd_conf.o
    0x20001470        -       0x00000004   Zero   RW          291    .bss.uwTick         stm32f1xx_hal.o
    0x20001474   COMPRESSED   0x00000004   PAD
    0x20001478        -       0x00000200   Zero   RW            2    HEAP                startup_stm32f103xb.o
    0x20001678        -       0x00000400   Zero   RW            1    STACK               startup_stm32f103xb.o


==============================================================================

Image component sizes


      Code (inc. data)   RO Data    RW Data    ZI Data      Debug   Object Name

      1338          8          0          0        208       7936   main.o
        64         26        236          0       1536        816   startup_stm32f103xb.o
       188          0          0          8          4       5805   stm32f1xx_hal.o
      1796          0          0          0          0      13576   stm32f1xx_hal_adc.o
       196          0          0          0          0       8460   stm32f1xx_hal_cortex.o
       526         22          0          0          0       4802   stm32f1xx_hal_gpio.o
       168          0          0          0          0       4122   stm32f1xx_hal_msp.o
      3534          0          0          0          0      17515   stm32f1xx_hal_pcd.o
        76          0          0          0          0       4198   stm32f1xx_hal_pcd_ex.o
      1504          0         18          0          0       8113   stm32f1xx_hal_rcc.o
       506         20          0          0          0       3717   stm32f1xx_hal_rcc_ex.o
        32          0          0          0          0       3841   stm32f1xx_it.o
      3560          6          0          0          0      23411   stm32f1xx_ll_usb.o
         2          0         24          4          0       1624   system_stm32f1xx.o
       114          0          0          0        708       2964   usb_device.o
       778          0          0        267          0      10231   usbd_cdc.o
       134          0          0         16       2048       4450   usbd_cdc_if.o
       690          0          0          0       1272      16203   usbd_conf.o
       692          0          0          0          0       7973   usbd_core.o
      1412         40          0          0          1       9260   usbd_ctlreq.o
       564         72          0         76        512       4191   usbd_desc.o
       128          0          0          0          0       4464   usbd_ioreq.o

    ----------------------------------------------------------------------
     18152        194        312        380       6300     167672   Object Totals
         0          0         32          0          0          0   (incl. Generated)
       150          0          2          9         11          0   (incl. Padding)

    ----------------------------------------------------------------------

      Code (inc. data)   RO Data    RW Data    ZI Data      Debug   Library Member Name

        90          0          0          0          0          0   __dczerorl2.o
         8          0          0          0          0         68   __main.o
       284          0          0          0          0        156   __printf_wp.o
         0          0          0          0          0          0   __rtentry.o
        12          0          0          0          0          0   __rtentry2.o
         6          0          0          0          0          0   __rtentry4.o
        94          8          0          0          0          0   __scatter.o
        28          0          0          0          0          0   __scatter_zi.o
        48          6          0          0          0         96   _printf_char_common.o
         6          0          0          0          0          0   _printf_f.o
      1052          0          0          0          0        148   _printf_fp_dec.o
       128         16          0          0          0         84   _printf_fp_infnan.o
         0          0          0          0          0          0   _printf_percent.o
         4          0          0          0          0          0   _printf_percent_end.o
        22          0          0          0          0        100   _rserrno.o
        10          0          0          0          0         68   _sputc.o
       228          4        148          0          0         96   bigflt0.o
      1936        128          0          0          0        668   btod.o
        18          0          0          0          0         80   exit.o
         6          0          0          0          0        152   heapauxi.o
         0          0          0          0          0          0   indicate_semi.o
        44         10         28          0          0         76   lc_numeric_c.o
         2          0          0          0          0          0   libinit.o
        18          0          0          0          0          0   libinit2.o
         2          0          0          0          0          0   libshutdown.o
         2          0          0          0          0          0   libshutdown2.o
         8          4          0          0         96         68   libspace.o
       138          0          0          0          0         80   lludiv10.o
        40          6          0          0          0         84   noretval__2sprintf.o
         8          4          0          0          0         68   rt_errno_addr_intlibspace.o
         8          4          0          0          0         68   rt_locale_intlibspace.o
         2          0          0          0          0          0   rtexit.o
        10          0          0          0          0          0   rtexit2.o
       128          0          0          0          0         68   strcmpv7m.o
        62          0          0          0          0         76   strlen.o
        12          4          0          0          0         68   sys_exit.o
        74          0          0          0          0         80   sys_stackheap_outer.o
         2          0          0          0          0         68   use_no_semi.o
        98          4          0          0          0         92   d2f.o
       834         16          0          0          0        372   daddsub_clz.o
        16          4          0          0          0         68   dcheck1.o
        24          0          0          0          0         68   dcmpi.o
       696        140          0          0          0        216   ddiv.o
       120          4          0          0          0         92   deqf.o
        46          0          0          0          0         68   dflt_clz.o
       340         12          0          0          0        104   dmul.o
       156          4          0          0          0         92   dnaninf.o
        12          0          0          0          0         68   dretinf.o
        86          4          0          0          0         84   f2d.o
       388         76          0          0          0         96   fdiv.o
        38          0          0          0          0         68   fflt_clz.o
       140          4          0          0          0         84   fnaninf.o
        10          0          0          0          0         68   fretinf.o
         4          0          0          0          0         68   printf1.o
       100          0          0          0          0         68   retnan.o
        92          0          0          0          0         68   scalbn.o
        48          0          0          0          0         68   trapv.o
         0          0          0          0          0          0   usenofp.o
        34          4          0          0          0        204   dunder.o
        40          0          0          0          0         68   fpclassify.o
       860         52         56          0          0        256   log.o
       170          0          0          0          0         96   poly.o
         0          0          8          0          0          0   qnan.o

    ----------------------------------------------------------------------
      8916        518        240          0         96       5056   Library Totals
        24          0          0          0          0          0   (incl. Padding)

    ----------------------------------------------------------------------

      Code (inc. data)   RO Data    RW Data    ZI Data      Debug   Library Name

      4540        194        176          0         96       2520   c_w.l
      3248        268          0          0          0       1912   fz_ws.l
      1104         56         64          0          0        624   m_ws.l

    ----------------------------------------------------------------------
      8916        518        240          0         96       5056   Library Totals

    ----------------------------------------------------------------------

==============================================================================


      Code (inc. data)   RO Data    RW Data    ZI Data      Debug   

     27068        712        552        380       6396     169688   Grand Totals
     27068        712        552        192       6396     169688   ELF Image Totals (compressed)
     27068        712        552        192          0          0   ROM Totals

==============================================================================

    Total RO  Size (Code + RO Data)                27620 (  26.97kB)
    Total RW  Size (RW Data + ZI Data)              6776 (   6.62kB)
    Total ROM Size (Code + RO Data + RW Data)      27812 (  27.16kB)

==============================================================================

